1
00:00:30,000 --> 00:00:30,524

2
00:00:30,900 --> 00:00:31,000
<font color=silver x=keep-it>Lolita, light of my life,

3
00:00:35,000 --> 00:00:35,575
<font color=silver x=keep-it>fire of my loins. My sin, my soul.

4
00:00:40,000 --> 00:00:42,000
<font color=silver x=keep-it><font color=red><i>Lo-lee-ta:</i></font>

6
00:00:45,000 --> 00:00:50,469
<font color=silver x=keep-it>the tip of the tongue taking a trip of
three steps down the palate to tap,

7
00:00:50,000 --> 00:00:50,635
<font color=silver x=keep-it>at three, on the teeth. Lo. Lee. Ta.
