1
00:01:02,853 --> 00:01:04,875
<i>우-우</i>

2
00:01:08,139 --> 00:01:09,646
<i>뭐야?</i>

3
00:01:09,762 --> 00:01:12,635
<i>- 세상에! 그건 또 뭐야?
- 춤이지</i>

4
00:01:14,385 --> 00:01:17,506
<i>- 그만해, 창피해
- 창피하지 않거든</i>

5
00:01:18,505 --> 00:01:20,958
<i>그만하고 인터뷰하자</i>

6
00:01:21,126 --> 00:01:23,584
<i>그래? 무슨 인터뷰?</i>

7
00:01:24,163 --> 00:01:25,730
<i>글쎄</i>

8
00:01:27,080 --> 00:01:30,617
<i>저는 이제 막
열한 살이 되었어요</i>

9
00:01:31,448 --> 00:01:35,444
<i>아빠는 130살입니다</i>

10
00:01:35,864 --> 00:01:39,860
<i>이틀 뒤에 131살이 됩니다</i>

11
00:01:42,021 --> 00:01:44,227
<i>그래서...</i>

12
00:01:45,310 --> 00:01:47,060
<i>아빠는 열한 살 때</i>

13
00:01:47,224 --> 00:01:49,306
<i>지금 뭐 하고 있을 거라고
생각했나요?</i>

14
00:02:28,811 --> 00:02:29,810
<i>사랑해</i>

15
00:02:29,973 --> 00:02:31,472
<i>사랑해</i>

16
00:02:32,847 --> 00:02:34,469
<i>안녕</i>

17
00:03:05,482 --> 00:03:07,188
안녕하세요, 여러분
저는 벨린다예요

18
00:03:07,560 --> 00:03:10,185
앞으로 한두 주
제가 가이드를 맡습니다

19
00:03:10,309 --> 00:03:13,806
저는 이제 막 여기 왔습니다
이전에 있던 곳은 토레몰...

20
00:03:15,971 --> 00:03:17,841
토레몰리노!

21
00:03:19,967 --> 00:03:21,506
좋아요, 저는...

22
00:03:21,674 --> 00:03:25,833
터키에서 여러분을 모시겠습니다
앞으로 일곱 군데 정차합니다...

23
00:03:26,001 --> 00:03:27,831
저는 벨린다예요

24
00:03:29,250 --> 00:03:31,248
그리고 이제 막...

25
00:03:31,827 --> 00:03:33,785
토레몰리노에서 왔습니다!

26
00:03:35,823 --> 00:03:37,865
토...레...몰...리...노!

27
00:03:38,864 --> 00:03:40,818
토레몰리노...

28
00:05:15,432 --> 00:05:17,058
딴 데 가지 마
귀염둥이, 알았지?

29
00:05:17,182 --> 00:05:19,180
알았어

30
00:05:23,468 --> 00:05:25,050
난 괜찮아

31
00:06:02,429 --> 00:06:04,203
누가 와

32
00:06:05,925 --> 00:06:07,172
졸려?

33
00:06:07,508 --> 00:06:09,006
아니

34
00:06:20,950 --> 00:06:22,449
안녕하세요?

35
00:06:23,532 --> 00:06:25,406
501호입니다

36
00:06:29,857 --> 00:06:31,356
예, 우리예요

37
00:06:32,646 --> 00:06:37,434
예, 침대 두 개 있는 방을
예약했는데 하나밖에 없네요

38
00:06:45,262 --> 00:06:49,881
<i>결제했고 여행사에 확인했어요</i>

39
00:06:56,543 --> 00:06:57,621
<i>해줄 수 있는 게
그게 다죠?</i>

40
00:06:57,749 --> 00:07:00,203
밑에 숨어, 간다

41
00:07:00,371 --> 00:07:02,161
<i>그건 꼭 해주세요</i>

42
00:07:05,741 --> 00:07:07,240
<i>알겠어요, 고마워요</i>

43
00:07:08,239 --> 00:07:09,737
<i>예, 끊어요</i>

44
00:07:10,652 --> 00:07:12,275
잘 자

45
00:10:31,451 --> 00:10:34,073
디지털 비디오 엔터테인먼트

46
00:10:34,241 --> 00:10:36,694
빠뜨리지 마, 소피
비싼 거야

47
00:10:45,769 --> 00:10:47,391
호텔 일은 미안해

48
00:10:47,811 --> 00:10:49,557
클라이브는 여기서
재미있게 지냈대

49
00:10:55,427 --> 00:10:58,716
- 집에 별일 없지?
- 무슨 말이야?

50
00:10:58,880 --> 00:11:01,629
엄마하고 잘 지내냐고

51
00:11:01,797 --> 00:11:03,711
응, 잘 지내

52
00:11:04,666 --> 00:11:06,165
좋아

53
00:11:06,748 --> 00:11:08,247
다행이네

54
00:11:08,706 --> 00:11:10,576
왜? 엄마가 무슨 말을 했어?

55
00:11:10,744 --> 00:11:12,243
아무 말도 안 했어

56
00:11:12,702 --> 00:11:15,491
지난번에 봤을 때
별로 좋지 않다며

57
00:11:17,198 --> 00:11:19,280
전화로는 길게
물어보기가 그래서

58
00:11:20,358 --> 00:11:23,192
응, 그래
많이 나아졌어

59
00:11:30,640 --> 00:11:32,598
가서 인사해봐

60
00:11:34,053 --> 00:11:36,051
아빠, 싫어, 꼬마잖아

61
00:11:38,632 --> 00:11:41,465
아빠가 인사하지 그래?

62
00:11:42,257 --> 00:11:44,043
소피, 너무 늙었잖아

63
00:11:56,406 --> 00:12:00,526
<i>물체에 살짝 올려놓으면
빛이 들어옵니다</i>

64
00:12:01,194 --> 00:12:03,052
<i>꽤 멋져요</i>

65
00:12:13,098 --> 00:12:16,638
<i>- 진짜 큰 아이스크림을 먹을래?
- 응, 내 머리보다 커</i>

66
00:12:16,762 --> 00:12:19,092
<i>그건 불가능해
소피 머리는 너무 커</i>

67
00:12:20,466 --> 00:12:22,005
<i>- 말 다했어?
- 뭐?</i>

68
00:12:22,133 --> 00:12:24,838
<i>- 좀 예의 없네
- 아냐, 명백한 사실이야</i>

69
00:12:25,501 --> 00:12:27,128
<i>네 머리가 나보다 더 커</i>

70
00:12:27,499 --> 00:12:31,331
<i>동의할 수 없어
얼마나 큰 지 봐</i>

71
00:12:34,284 --> 00:12:36,574
<i>아빠 머리가 더 커</i>

72
00:13:11,000 --> 00:13:12,666
<i>엄마한테 인사해야지</i>

73
00:13:13,497 --> 00:13:14,996
<i>그게 다야?</i>

74
00:13:15,619 --> 00:13:17,701
<i>- 사랑해
- 보고 싶다네</i>

75
00:13:17,869 --> 00:13:20,446
<i>- 보고 싶어!
- 그다음?</i>

76
00:13:20,614 --> 00:13:23,903
<i>- 안녕
- 그다음?</i>

77
00:13:24,027 --> 00:13:26,568
<i>그리고 아빠는 대단해</i>

78
00:13:26,732 --> 00:13:29,605
<i>- 왜 대단해?
- 왜냐하면 아빠는 너무...</i>

79
00:14:39,243 --> 00:14:41,157
어, 뭐래?

80
00:14:43,531 --> 00:14:46,904
집에 가면 하려고
화요일까지 수업 안 해

81
00:14:47,403 --> 00:14:48,902
괜찮아

82
00:14:50,648 --> 00:14:53,397
응, 좋아
사실 원래 묵기로 한 호텔이 아냐

83
00:14:53,565 --> 00:14:56,186
그런데 숙소에 전화가 없어

84
00:14:57,062 --> 00:14:59,891
아빠?
잘 있어

85
00:15:00,430 --> 00:15:03,635
세상에, 아빠가 이상하게
닌자 흉내를 내고 있어

86
00:15:03,763 --> 00:15:05,801
아빠는 가끔 왜 저래?

87
00:15:07,052 --> 00:15:08,938
그래도, 아빠는 좋아 보여

88
00:15:10,920 --> 00:15:13,002
알겠어
사랑해, 안녕

89
00:15:16,498 --> 00:15:17,873
엄마가 바꿔달래

90
00:15:18,041 --> 00:15:20,202
- 뭐?
- 엄마가 바꿔달래

91
00:15:20,370 --> 00:15:21,893
알았어

92
00:15:25,321 --> 00:15:26,820
고마워, 귀염둥이

93
00:15:27,863 --> 00:15:29,409
안녕

94
00:15:31,359 --> 00:15:32,982
나 찾았다며

95
00:15:34,312 --> 00:15:36,770
그래서, 할 거야?

96
00:15:36,938 --> 00:15:38,460
무슨 뜻이야?

97
00:15:39,559 --> 00:15:40,558
조지랑 할 거냐고

98
00:15:41,018 --> 00:15:42,888
조지가 셉한테...

99
00:15:43,016 --> 00:15:44,514
너랑 같이 하고 싶다고

100
00:15:44,802 --> 00:15:46,300
셉한테 그랬을 리가 없어

101
00:15:46,676 --> 00:15:48,298
어젯밤 집에 가는 길에

102
00:15:48,882 --> 00:15:50,380
케니한테 줬는데...

103
00:15:50,796 --> 00:15:53,337
저쪽 수영장 뒤에 수풀에 진짜로

104
00:15:54,460 --> 00:15:56,582
그래서?

105
00:15:57,665 --> 00:15:58,664
무슨 뜻이야?

106
00:15:58,748 --> 00:15:59,999
걔가 왔어?

107
00:16:00,246 --> 00:16:02,328
그래... 정말

108
00:16:06,364 --> 00:16:08,362
가끔은 머리를 뒤로 넘겨봐

109
00:16:08,530 --> 00:16:10,528
뒤로 넘기니까 정말 예쁘네

110
00:16:15,523 --> 00:16:18,768
- 쟤 우리 이야기 들은 것 같지?
- 상관없어, 아홉 살이나 될까

111
00:16:45,077 --> 00:16:46,668
잘 됐네

112
00:16:49,113 --> 00:16:50,696
정말 좋아

113
00:16:54,692 --> 00:16:56,190
그래, 사랑해

114
00:16:57,397 --> 00:16:58,648
그래, 그래

115
00:16:58,772 --> 00:17:00,338
응, 그럴게

116
00:17:02,892 --> 00:17:04,400
안녕

117
00:17:05,433 --> 00:17:06,932
어이

118
00:17:11,343 --> 00:17:12,506
할 줄 알아?

119
00:17:12,634 --> 00:17:14,756
- 이게 스타트 버튼이야
- 알아

120
00:17:20,206 --> 00:17:21,873
<i>엔진을 스타트하세요</i>

121
00:18:11,990 --> 00:18:14,280
- 한 판 더 할래?
- 그만 가자

122
00:18:16,486 --> 00:18:18,400
- 안녕
- 안녕

123
00:18:19,231 --> 00:18:20,730
받아

124
00:18:21,397 --> 00:18:22,927
준비됐어?

125
00:18:35,259 --> 00:18:37,505
자, 하자

126
00:18:44,206 --> 00:18:45,621
- 괜찮죠?
- 예

127
00:18:45,789 --> 00:18:47,579
마지막 판입니다

128
00:18:47,994 --> 00:18:49,609
복식 어때요?

129
00:18:50,616 --> 00:18:51,743
예, 좋아요

130
00:18:52,074 --> 00:18:54,280
큐 받침대로 석고 붕대를
쓸 건 아니죠?

131
00:18:54,448 --> 00:18:58,028
원래 오른손잡이예요
애랑 편먹었으니 걱정 마세요

132
00:18:58,192 --> 00:18:59,359
편하게 칩시다

133
00:18:59,527 --> 00:19:01,649
- 브레이크 샷 네가 칠래...?
- 응

134
00:19:06,020 --> 00:19:07,519
좋아

135
00:19:08,058 --> 00:19:09,565
잘했어

136
00:19:12,638 --> 00:19:15,091
- 동생 이름이 뭐예요?
- 소피

137
00:19:15,259 --> 00:19:18,800
- 아, 예
- 사실 딸입니다

138
00:19:19,799 --> 00:19:22,084
- 미안합니다, 저는 그냥...
- 괜찮아요

139
00:19:25,457 --> 00:19:27,623
- 호텔 좋죠?
- 네, 괜찮아요

140
00:19:27,791 --> 00:19:29,453
우리는 길 건너에 묵어요

141
00:19:29,621 --> 00:19:31,367
거의 공사판이에요

142
00:19:34,200 --> 00:19:35,699
올리!

143
00:19:36,614 --> 00:19:38,320
이런 씨발
소피, 잘 치네

144
00:19:38,488 --> 00:19:40,082
욕하지 마

145
00:19:41,149 --> 00:19:42,648
- 아, 미안해요
- 괜찮아요

146
00:19:42,776 --> 00:19:44,274
잘했어

147
00:19:48,394 --> 00:19:50,224
내 차례야, 보고 있어?

148
00:20:03,487 --> 00:20:05,649
- 됐어, 따라와!
- 싫어!

149
00:20:05,777 --> 00:20:08,230
또 이렇게 다들 힘들게 할 거야?

150
00:20:13,269 --> 00:20:14,348
비틀어

151
00:20:14,476 --> 00:20:17,345
아니, 버텨...
안 놔준다, 다시 해

152
00:20:17,681 --> 00:20:19,343
아니, 그냥 밀고 있잖아

153
00:20:19,842 --> 00:20:21,677
여기 봐, 비틀어야지

154
00:20:21,800 --> 00:20:24,546
여기처럼
괜찮아? 다시

155
00:20:25,713 --> 00:20:27,295
내 손목 잡아 봐

156
00:20:29,209 --> 00:20:30,416
알겠어

157
00:20:30,708 --> 00:20:33,329
얇은 부분이 일렬로
손가락까지 이어져

158
00:20:33,457 --> 00:20:35,035
- 보고 있어?
- 응

159
00:20:36,162 --> 00:20:38,867
- 그런 다음 최대한 세게 당겨
- 아야!

160
00:20:38,991 --> 00:20:40,658
지금 심각해, 소피

161
00:20:41,741 --> 00:20:43,946
봐봐, 이거 익혀야 돼

162
00:20:48,566 --> 00:20:50,064
해 봐

163
00:20:50,272 --> 00:20:51,311
아니

164
00:20:51,439 --> 00:20:53,353
당기고 있잖아
비틀라니까

165
00:20:54,807 --> 00:20:56,805
- 다시, 손목 잡아
- 못 비틀겠어

166
00:20:57,932 --> 00:21:00,222
손가락으로 연결되는
얇은 부분

167
00:21:00,638 --> 00:21:03,135
알겠지? 그리고 최대한 세게 당겨

168
00:21:04,550 --> 00:21:06,216
나 심각해, 소피

169
00:21:06,548 --> 00:21:08,130
이거 익혀야 돼, 알았지?

170
00:21:09,129 --> 00:21:10,668
그래야 자신을 지키지

171
00:21:13,041 --> 00:21:15,207
만약에 누가 널 공격하면...

172
00:21:16,578 --> 00:21:18,576
풀고 도망갈 수 있어야지

173
00:21:19,575 --> 00:21:23,615
손목 잡지 않고
공격하면 어떻게 해?

174
00:21:55,667 --> 00:21:58,412
<i>우리가 같은 하늘 아래 있어서
좋은 거 같아</i>

175
00:22:01,577 --> 00:22:03,075
무슨 뜻이야?

176
00:22:03,407 --> 00:22:04,821
음, 그건

177
00:22:04,989 --> 00:22:07,611
가끔 노는 시간에
하늘을 올려다봐

178
00:22:08,362 --> 00:22:10,400
<i>그때 태양을 볼 수 있으면</i>

179
00:22:10,524 --> 00:22:12,729
<i>우리 둘 다 같은 태양을
볼 수 있으니</i>

180
00:22:13,105 --> 00:22:15,894
<i>실제로 같은 장소에
있지 않아도</i>

181
00:22:16,062 --> 00:22:18,308
<i>옆에 있지 않아도</i>

182
00:22:18,931 --> 00:22:20,805
<i>어떤 면에서</i>

183
00:22:22,763 --> 00:22:25,716
<i>우리 둘 다</i>

184
00:22:26,424 --> 00:22:28,590
<i>같은 하늘 아래 있어, 그래서...</i>

185
00:22:30,588 --> 00:22:32,210
<i>같이 있는 셈이지</i>

186
00:22:37,497 --> 00:22:38,496
머리 밑에

187
00:22:38,624 --> 00:22:39,662
2...

188
00:22:39,786 --> 00:22:41,037
3...

189
00:22:41,161 --> 00:22:42,160
4...

190
00:22:42,284 --> 00:22:43,283
4.5...

191
00:22:43,367 --> 00:22:44,865
그만!

192
00:22:50,983 --> 00:22:52,482
우리도 저거 하자

193
00:22:56,354 --> 00:22:57,936
뭐?

194
00:23:00,933 --> 00:23:02,679
너무 어려서 안돼, 귀염둥이

195
00:23:33,984 --> 00:23:35,982
<i>신사 숙녀 여러분</i>

196
00:23:36,106 --> 00:23:38,979
<i>환상적이고 멋지고 놀라운 외팔이</i>

197
00:23:39,143 --> 00:23:41,433
<i>캘럼 에런 패터슨</i>

198
00:23:42,348 --> 00:23:44,058
<i>기대하세요</i>

199
00:23:44,637 --> 00:23:47,387
<i>이브닝 엔터테인먼트</i>

200
00:23:48,426 --> 00:23:49,924
<i>그리고...</i>

201
00:23:50,967 --> 00:23:52,466
<i>보자</i>

202
00:23:53,049 --> 00:23:54,548
<i>토레몰리노!</i>

203
00:23:55,335 --> 00:23:56,833
<i>괜찮아, 소피?</i>

204
00:24:10,903 --> 00:24:12,446
클레어 아줌마 이야기는 안 해?

205
00:24:17,397 --> 00:24:19,646
처음 만났을 때 클레어한테
남자 친구 있던 거 기억나지?

206
00:24:20,230 --> 00:24:21,768
응

207
00:24:22,060 --> 00:24:23,578
누구 전화냐고 물으니, 아빠가

208
00:24:23,682 --> 00:24:27,223
"좋아하는 여자, 그런데 이미
누구랑 같이 있어" 그랬지

209
00:24:27,471 --> 00:24:29,345
그래, 근데
그 둘이 다시 만나

210
00:24:30,843 --> 00:24:33,089
- 난 클레어 아줌마가 좋았어
- 응, 아빠도

211
00:24:33,217 --> 00:24:35,507
그럼 카페를
열지 않겠다는 말이네?

212
00:24:35,630 --> 00:24:37,129
그 카페?

213
00:24:37,876 --> 00:24:40,418
응, 이제 안 해, 근데...

214
00:24:41,165 --> 00:24:43,415
키스랑 새로운 일을 시작했어

215
00:24:44,414 --> 00:24:45,912
뭔데?

216
00:24:46,244 --> 00:24:49,073
사실은 아직 준비 단계야

217
00:24:49,449 --> 00:24:52,861
런던 외곽에 집을 임대해서
일하려고 생각 중이야

218
00:24:52,989 --> 00:24:55,319
너 오면 묵을 방도 줄게

219
00:24:56,442 --> 00:24:58,316
응, 노란색으로 칠해도 돼?

220
00:24:58,440 --> 00:25:00,605
노란색? 노란색은 왜?

221
00:25:01,237 --> 00:25:02,811
노란색으로 칠하고 싶어

222
00:25:02,935 --> 00:25:05,141
그런데 내 방 칠하는 건
엄마가 허락 안 해

223
00:25:06,308 --> 00:25:08,430
이거 난처한데!

224
00:25:08,973 --> 00:25:10,927
그래도 되지?

225
00:25:11,303 --> 00:25:13,385
그때 가서 보자

226
00:25:15,339 --> 00:25:16,965
저거나 보자

227
00:25:49,181 --> 00:25:50,679
몇 호에 계세요?

228
00:25:50,971 --> 00:25:52,637
소피, 지갑 가져왔어?

229
00:25:53,217 --> 00:25:54,715
아니?

230
00:25:55,926 --> 00:25:57,425
이거 쥐어
저 사람 보지 마

231
00:25:58,795 --> 00:26:01,085
셋 세고 무대에 던진 뒤
도망가자

232
00:26:04,957 --> 00:26:06,747
가자, 달려라!
달려라, 소피!

233
00:26:29,472 --> 00:26:30,971
<i>아팠어?</i>

234
00:26:33,389 --> 00:26:34,887
<i>떨어졌을 때</i>

235
00:26:36,717 --> 00:26:38,755
- 손목이 부러졌을 때?
- 응

236
00:26:41,045 --> 00:26:42,543
몰라

237
00:26:43,878 --> 00:26:45,377
잘 기억 안 나

238
00:26:47,706 --> 00:26:49,373
부러진 줄 몰랐어

239
00:26:49,872 --> 00:26:51,786
그전에 부러진 적이
한 번도 없었거든

240
00:26:53,656 --> 00:26:55,782
<i>나는 한 번도 없어</i>

241
00:27:02,523 --> 00:27:04,521
엄마랑 아빠는
왜 사랑한다고 말해?

242
00:27:04,689 --> 00:27:07,686
<i>- 뭐?</i>
- 전화할 때나, 그럴 때

243
00:27:08,186 --> 00:27:10,767
같이 살지도 않잖아
왜 사랑한다고 말하지?

244
00:27:11,974 --> 00:27:13,472
<i>음...</i>

245
00:27:14,220 --> 00:27:16,346
<i>사랑하는 사람들을
전부 생각해 봐, 예를 들면...</i>

246
00:27:16,509 --> 00:27:20,465
<i>나나, 할아버지, 삼촌
이모들, 알겠지?</i>

247
00:27:22,088 --> 00:27:23,586
응, 하지만 그 사람들은
가족이잖아

248
00:27:23,710 --> 00:27:25,500
<i>엄마는 가족이야</i>

249
00:27:39,822 --> 00:27:43,191
<i>한 번은, 아빠에게 전화했는지
엄마한테 물어봤는데</i>

250
00:27:43,319 --> 00:27:45,440
<i>아빠가 통화 중이라고 했어</i>
<font color=gray>역주: 'engaged'는 '통화 중'</font>

251
00:27:45,564 --> 00:27:47,438
<i>왜 그랬는지 모르겠지만</i>

252
00:27:47,562 --> 00:27:51,474
<i>엄마 아빠가 결혼하는 줄 알았어</i>
<font color=gray>역주: 'engaged'를 '약혼'으로 착각</font>

253
00:27:51,682 --> 00:27:56,222
<i>아빠만 결혼한다고 생각했는지
둘이 한다고 생각했는지는 모르겠어...</i>

254
00:28:01,133 --> 00:28:02,631
웃기지?

255
00:28:05,129 --> 00:28:06,459
음

256
00:28:06,667 --> 00:28:08,373
그때는 몰랐어

257
00:28:08,501 --> 00:28:11,870
아빠가 다른 사람한테
통화 중이라는 뜻인지

258
00:28:14,911 --> 00:28:16,533
나는 좀 흥분했어

259
00:28:17,656 --> 00:28:19,239
<i>우리가 결혼하는 줄 알고?</i>

260
00:28:21,237 --> 00:28:23,526
응, 내가 정말 어리기는 했지만

261
00:28:24,693 --> 00:28:26,399
일곱 살이었나?

262
00:28:29,604 --> 00:28:31,850
책은 어때?

263
00:28:32,517 --> 00:28:34,016
재미있어?

264
00:28:36,266 --> 00:28:39,678
응, 조금 어렵지만

265
00:28:41,924 --> 00:28:43,422
계속 읽어 봐

266
00:28:43,882 --> 00:28:45,544
정말 재미있을 거야

267
00:28:52,873 --> 00:28:57,492
"지방 자치제의"가 무슨 뜻이야?
<i><font color=gray>역주: 'municipal'</font></i>

268
00:29:34,747 --> 00:29:37,744
<i>- 잘했어, 소피</i>
<i>- 못 한다고 했잖아</i>

269
00:29:37,868 --> 00:29:40,158
<i>- 작년에 했잖아
- 안 했어</i>

270
00:29:40,281 --> 00:29:41,780
<i>여기</i>

271
00:29:47,234 --> 00:29:49,193
<i>- 물안경 줘
- 줬어</i>

272
00:29:49,772 --> 00:29:50,899
<i>뭐?</i>

273
00:29:51,063 --> 00:29:54,267
<i>- 어서, 장난 그만해
- 장난 아냐</i>

274
00:30:56,957 --> 00:30:58,871
아빠가 던진 거
나 못 봤어, 알지?

275
00:30:59,702 --> 00:31:02,076
- 뭘 던져?
- 물안경

276
00:31:02,199 --> 00:31:03,990
비싼 건데

277
00:31:25,512 --> 00:31:27,258
괜찮아

278
00:31:28,717 --> 00:31:31,506
괜찮아, 아빠가 오늘은
좀 피곤해서 그래

279
00:31:35,166 --> 00:31:36,957
카메라 네가 들래?

280
00:31:37,500 --> 00:31:38,999
가방 안에 있어

281
00:31:54,939 --> 00:31:57,772
이거 발 위에 올리고
다시 해보세요

282
00:31:57,936 --> 00:32:00,601
- 발 위에?
- 예, 훨씬 쉬울 거예요

283
00:32:05,472 --> 00:32:07,970
- 도와 드릴까요?
- 예, 고마워요

284
00:32:10,967 --> 00:32:13,380
- 고맙습니다
- 경험자만 아는 팁이죠

285
00:32:15,962 --> 00:32:17,668
괜찮네요

286
00:32:18,583 --> 00:32:20,081
그렇죠

287
00:32:22,411 --> 00:32:23,910
일 년 내내 이 일 하세요?

288
00:32:24,038 --> 00:32:26,407
우리 엄마의 엄마같이 말하시네

289
00:32:26,551 --> 00:32:28,050
- 할머니?
- 예

290
00:32:28,241 --> 00:32:30,195
제가 괜찮은 직업을
가지기 바라시죠

291
00:32:30,987 --> 00:32:32,317
신발 사이즈가 뭐죠?

292
00:32:32,569 --> 00:32:33,692
10

293
00:32:33,816 --> 00:32:35,942
- 10
- 44?

294
00:32:36,189 --> 00:32:37,688
- 44
- 예

295
00:32:38,855 --> 00:32:40,685
- 이게 맞을 겁니다
- 예

296
00:32:41,976 --> 00:32:44,349
제가 여행을 좀 다녔어요

297
00:32:44,517 --> 00:32:46,723
어디 가서 계절 하나 보내고
딴 데 가서 또 하나 보내고

298
00:32:46,887 --> 00:32:48,553
그런데 지금은
여기, 집으로 돌아왔죠

299
00:32:48,677 --> 00:32:50,759
- 그리워요?
- 여행?

300
00:32:51,758 --> 00:32:53,964
솔직히 집만큼 그립지는 않아요

301
00:32:54,131 --> 00:32:57,712
- 곧 아기가 태어나요
- 축하해요!

302
00:32:57,876 --> 00:33:01,664
몇 년 전에는, 마흔 살이 되면
생각하려 했는데...

303
00:33:05,328 --> 00:33:07,494
내가 마흔 먹은 건
진짜 상상이 안간다

304
00:33:10,239 --> 00:33:12,113
서른도 충격적인데

305
00:33:38,335 --> 00:33:40,461
<i>저는 소피 레슬리 패터슨입니다</i>

306
00:33:40,625 --> 00:33:42,291
<i>라이브로 말씀드리는 이곳은...</i>

307
00:33:44,373 --> 00:33:46,287
<i>보트 이름은 모르겠어요</i>

308
00:33:46,579 --> 00:33:49,116
<i>하여튼 방금 제가 가서 본 게</i>

309
00:33:49,117 --> 00:33:54,160
<i>태어나서 본 것 중에
최고였어요</i>

310
00:33:55,026 --> 00:33:56,109
<i>그래서</i>

311
00:33:56,317 --> 00:33:59,774
<i>스쿠버 다이빙
그런 거 하러 갔어요</i>

312
00:34:00,105 --> 00:34:02,103
<i>그런데 거기에 해마 같은 게
진짜로 있었어요</i>

313
00:34:02,271 --> 00:34:04,269
<i>제 손가락 주위를...</i>

314
00:34:04,725 --> 00:34:06,559
<i>둘러쌌어요</i>

315
00:34:06,723 --> 00:34:08,849
<i>그다음 이동해서 본 것이...</i>

316
00:34:09,848 --> 00:34:11,210
<i>문어!</i>

317
00:34:11,430 --> 00:34:14,175
<i>강사님이, 맞나?</i>

318
00:34:14,343 --> 00:34:18,463
<i>맞다, 강사님이 제 머리에
문어를 올려주셨어요</i>

319
00:34:18,631 --> 00:34:20,837
<i>제 머리 위에 진짜 문어를요</i>

320
00:34:22,459 --> 00:34:23,957
<i>예, 하지만 지금은...</i>

321
00:34:24,541 --> 00:34:28,577
<i>아빠... 아니
캘럼 에런 패터슨은</i>

322
00:34:29,328 --> 00:34:32,073
<i>이름은 모르겠지만
스쿠버 다이빙하고 관련된 뭔가를</i>

323
00:34:32,781 --> 00:34:35,778
<i>항상 하고 있어요</i>

324
00:34:35,985 --> 00:34:36,984
<i>하지만...</i>

325
00:34:37,028 --> 00:34:40,441
<i>사실 다이빙 자격증은 없어요</i>

326
00:34:40,689 --> 00:34:42,899
<i>아빠가 거짓말했대요!</i>

327
00:34:44,476 --> 00:34:45,974
<i>하지만</i>

328
00:34:46,226 --> 00:34:47,725
<i>아빠는 문제없을 거예요</i>

329
00:34:49,056 --> 00:34:51,014
<i>문제없을 거예요
확실해요</i>

330
00:34:51,262 --> 00:34:53,304
<i>하지만, 안녕!</i>

331
00:34:53,428 --> 00:34:54,595
안녕!

332
00:34:54,803 --> 00:34:56,301
안녕! 안녕!

333
00:34:56,425 --> 00:34:58,131
안녕! 안녕!

334
00:35:50,495 --> 00:35:51,993
저건 뭐야?

335
00:35:54,115 --> 00:35:55,614
뭐?

336
00:36:00,529 --> 00:36:03,358
저건 일종의 담배야...

337
00:36:03,482 --> 00:36:04,605
흡연은 암을 유발하고

338
00:36:04,733 --> 00:36:08,393
폐에 타르를 넣고
치아를 누렇게 만듭니다

339
00:36:08,521 --> 00:36:11,058
그리고 눈알을 빠지게 합니다

340
00:36:13,971 --> 00:36:15,929
다음에는 딴 데 가자

341
00:36:17,220 --> 00:36:20,589
여기도 좋아
나나는 마지막으로 언제 봤어?

342
00:36:31,997 --> 00:36:33,536
그래...

343
00:36:34,950 --> 00:36:36,449
도전

344
00:36:36,657 --> 00:36:38,571
다시 봐, 알았지?

345
00:36:38,699 --> 00:36:40,613
- 좋아
- 좋아?

346
00:36:42,611 --> 00:36:44,777
맞아, 시작이 안 좋았어

347
00:36:54,515 --> 00:36:57,096
- 언제 학교 가?
- 화요일

348
00:36:57,220 --> 00:36:59,134
- 다음 주?
- 진짜 금방이지

349
00:36:59,302 --> 00:37:00,884
더 늦게 가는 줄 알았는데

350
00:37:02,966 --> 00:37:06,003
- 새 선생님은 누구야?
- 맥켈 선생님

351
00:37:06,379 --> 00:37:08,001
글래스고 출신이지?

352
00:37:13,496 --> 00:37:15,078
어떻게 알았어?

353
00:37:18,115 --> 00:37:19,614
뭐?

354
00:37:22,739 --> 00:37:24,237
예쁘잖아

355
00:37:24,944 --> 00:37:27,442
글래스고 출신의 미녀잖아!
잊을 수가 없지

356
00:37:27,566 --> 00:37:29,188
세상에, 아빠 그만해!

357
00:37:29,688 --> 00:37:31,310
- 괜찮아
- 그만

358
00:37:32,729 --> 00:37:34,227
선생님 좋은 분이셔?

359
00:37:35,142 --> 00:37:37,680
지난 학기 말에
현장 학습을 했거든

360
00:37:37,803 --> 00:37:39,302
괜찮아 보였어

361
00:38:07,150 --> 00:38:08,980
<i>동전을 넣으세요</i>

362
00:38:17,184 --> 00:38:18,223
게임 중이야?

363
00:38:18,391 --> 00:38:21,680
- 아빠가 돈 가지러 갔어
- 자, 이것 봐

364
00:38:27,590 --> 00:38:29,088
10 펜스

365
00:38:31,294 --> 00:38:32,792
또 있어?

366
00:38:40,824 --> 00:38:42,447
근데, 난 마이클이야

367
00:38:43,658 --> 00:38:46,279
연습하는 게 좋을 거야, 마이클

368
00:38:46,655 --> 00:38:48,233
진짜 어렵네

369
00:38:50,399 --> 00:38:51,897
네 이름은 뭐야?

370
00:38:52,357 --> 00:38:53,855
소피

371
00:39:13,584 --> 00:39:15,082
장난해?

372
00:39:15,913 --> 00:39:17,412
일대일이다

373
00:39:17,624 --> 00:39:19,578
다 세기로 한 줄을 몰랐네

374
00:39:19,745 --> 00:39:21,244
알고 있었잖아

375
00:40:32,804 --> 00:40:34,303
거기 좋았어?

376
00:40:35,801 --> 00:40:37,839
잘 모르겠어

377
00:40:38,379 --> 00:40:41,044
기분이 좀 그래

378
00:40:42,750 --> 00:40:44,249
무슨 뜻이야?

379
00:40:45,040 --> 00:40:46,331
글쎄

380
00:40:46,539 --> 00:40:48,329
아빠는 그런 적 없어?

381
00:40:49,080 --> 00:40:52,700
정말 재미있게
하루를 보냈는데

382
00:40:53,156 --> 00:40:57,528
집에 오니
피곤하고 우울하고...

383
00:40:57,903 --> 00:41:00,692
뼈가 안 움직이는 것 같고

384
00:41:00,856 --> 00:41:04,273
뼈도 피곤하고
전부 귀찮아

385
00:41:04,644 --> 00:41:06,479
아래로 가라앉는 것 같고

386
00:41:06,810 --> 00:41:08,640
몰라, 이상해

387
00:41:13,012 --> 00:41:14,762
재미있게 놀러 왔잖아

388
00:41:17,883 --> 00:41:19,450
준비됐지?

389
00:41:21,504 --> 00:41:23,002
응!

390
00:41:23,545 --> 00:41:26,251
저녁 맛있는 거 먹고
일찍 돌아오자, 좋지?

391
00:41:26,375 --> 00:41:27,621
응

392
00:41:27,749 --> 00:41:29,248
가자

393
00:41:29,911 --> 00:41:31,410
어서

394
00:43:08,440 --> 00:43:10,187
이거 좋아?

395
00:43:11,645 --> 00:43:13,144
좋아, 진짜로

396
00:43:13,392 --> 00:43:14,890
그 아저씨가 말했는데

397
00:43:15,597 --> 00:43:18,011
카펫 하나하나 전부
다른 이야기가 있대

398
00:43:19,386 --> 00:43:23,965
상징주의, 모티브
하나하나 다른 것을 표현한대

399
00:43:25,172 --> 00:43:29,128
티...쉬...큐레찌룸
<i><font color=gray>역주: '고맙습니다'</font></i>

400
00:43:29,499 --> 00:43:31,833
- <i>테쉐큐르 에데림
- 흐흐</i>

401
00:43:31,957 --> 00:43:34,371
<i>- 테쉐큐르 에데림
- 테쉐큐르 에데림</i>

402
00:43:34,830 --> 00:43:36,285
<i>테쉐큐르 에데림</i>

403
00:43:36,492 --> 00:43:38,119
<i>테쉐큐르 에데림</i>

404
00:43:38,243 --> 00:43:40,241
- <i>테쉐큐르 에데림</i>
- 오!

405
00:43:40,365 --> 00:43:41,863
알겠지?

406
00:43:46,235 --> 00:43:47,857
이거 얼마예요?

407
00:43:48,856 --> 00:43:51,186
4500만 터키 리라입니다

408
00:43:51,314 --> 00:43:53,643
- 파운드로는 얼마죠?
- 850파운드입니다

409
00:43:53,851 --> 00:43:55,765
예, 고맙습니다

410
00:43:55,933 --> 00:43:57,431
천만에요

411
00:44:25,072 --> 00:44:27,026
당구 칠래?

412
00:44:27,194 --> 00:44:29,567
저기 있는 여자애들한테
가서 인사할래?

413
00:44:30,482 --> 00:44:34,187
얘 우리하고 당구 쳐도 돼요?
우리는 세명이에요

414
00:44:34,810 --> 00:44:37,723
- 복식 칠 거예요
- 쟤 어리다, 그지?

415
00:44:37,891 --> 00:44:39,973
응, 근데 얘보다 잘 쳐

416
00:44:40,636 --> 00:44:43,302
- 가도 돼?
- 그럼 가 봐

417
00:44:43,469 --> 00:44:45,300
1시간 뒤에 돌아오기다
알겠지?

418
00:44:45,423 --> 00:44:46,922
알았어

419
00:44:57,455 --> 00:44:59,202
쉬엄쉬엄해야지
아가씨들

420
00:45:05,323 --> 00:45:07,821
- 그게 뭐야?
- 이거 있으면 다 돼

421
00:45:07,945 --> 00:45:10,442
아무거나 마음대로
주문할 수 있어

422
00:45:39,413 --> 00:45:41,535
- 그게 다야?
- 똑같아

423
00:45:42,286 --> 00:45:43,533
이런, 이런, 이런

424
00:45:43,741 --> 00:45:46,490
- 누가 납시었나
- 너 이러기야?

425
00:45:50,650 --> 00:45:52,149
보면 안 돼

426
00:45:52,856 --> 00:45:54,354
어린이를 타락시키다니!

427
00:45:55,230 --> 00:45:56,728
보면 안 돼

428
00:46:24,824 --> 00:46:25,823
여기요

429
00:46:25,951 --> 00:46:27,821
- 고맙습니다
- 천만에요

430
00:46:49,635 --> 00:46:52,424
징그러워, 존나 어린것들이
계속 뱀짓이네

431
00:46:52,588 --> 00:46:55,461
뭐?
뱀짓은 씨발 뭔 말이야?

432
00:46:56,085 --> 00:46:57,959
왜, 그럼 넌 뭐라고 불러?

433
00:46:58,167 --> 00:47:00,288
저거? 혀놀리기

434
00:47:00,996 --> 00:47:03,162
아니, 물기

435
00:47:03,577 --> 00:47:05,827
물기! 좋다

436
00:47:16,232 --> 00:47:17,899
풀에 밀어버릴까?

437
00:47:18,438 --> 00:47:19,937
좋아

438
00:47:23,393 --> 00:47:25,016
네가 남자애 맡아
내가 여자애 맡을게

439
00:47:26,598 --> 00:47:28,097
밀면 되지?

440
00:47:33,799 --> 00:47:35,297
나도 간다!

441
00:50:02,774 --> 00:50:04,272
오케이

442
00:50:04,480 --> 00:50:07,477
여기는 우리 방입니다

443
00:50:09,519 --> 00:50:14,594
그리고 이것은
아빠의 조그마한 침대입니다

444
00:50:14,762 --> 00:50:17,883
이것은 저의
거대한 침대입니다

445
00:50:18,882 --> 00:50:20,588
음...

446
00:50:21,963 --> 00:50:23,793
잠깐, 확대는 어떻게 해?

447
00:50:24,752 --> 00:50:26,334
보자, 이리 줘 봐

448
00:50:31,621 --> 00:50:33,119
이 버튼이야, 보이지?

449
00:50:33,495 --> 00:50:36,448
세상에, 나 TV에 나왔어!
나 어때?

450
00:50:37,115 --> 00:50:39,445
좋아, 돌려줘

451
00:50:41,487 --> 00:50:43,149
오, 오, 오

452
00:50:47,729 --> 00:50:49,227
뭐야?

453
00:50:49,435 --> 00:50:50,977
세상에! 그건 또 뭐야?

454
00:50:51,101 --> 00:50:53,099
춤이지

455
00:50:54,306 --> 00:50:57,259
- 그만해, 창피해
- 창피하지 않거든

456
00:50:58,634 --> 00:51:01,131
그만하고 인터뷰하자

457
00:51:01,299 --> 00:51:03,629
그래? 무슨 인터뷰?

458
00:51:04,544 --> 00:51:06,042
글쎄

459
00:51:07,541 --> 00:51:08,748
음

460
00:51:08,959 --> 00:51:11,081
저는 이제 막
열한 살이 되었어요

461
00:51:12,080 --> 00:51:16,240
아빠는 130살입니다

462
00:51:16,740 --> 00:51:18,949
이틀 뒤에

463
00:51:19,073 --> 00:51:20,947
131살이 됩니다

464
00:51:23,193 --> 00:51:24,692
그래서...

465
00:51:26,522 --> 00:51:28,396
아빠는 열한 살 때

466
00:51:28,564 --> 00:51:31,185
지금 뭐 하고 있을 거라고
생각했나요?

467
00:51:37,679 --> 00:51:40,716
저기요, 지금 뭐 하고 있을 거라고
생각했나요?

468
00:51:40,884 --> 00:51:42,882
어서, 소피
당장 꺼, 알았지?

469
00:51:47,085 --> 00:51:48,584
알았어, 껐어

470
00:51:48,708 --> 00:51:50,418
빨간불이 켜져 있잖아

471
00:51:52,248 --> 00:51:54,414
아직 켜져 있어

472
00:51:55,577 --> 00:51:58,366
아빠 찍는 거 아냐
나 찍고 있어

473
00:52:02,486 --> 00:52:03,984
아빠...

474
00:52:08,524 --> 00:52:10,230
알았어, 녹화 안 해

475
00:52:10,398 --> 00:52:13,103
그냥 내 작은방에
녹화할게...

476
00:52:13,851 --> 00:52:15,349
내 마음의 카메라야

477
00:52:22,594 --> 00:52:23,633
좋아

478
00:52:23,757 --> 00:52:25,255
준비됐어?

479
00:52:27,213 --> 00:52:30,917
열한 번째 생일에 뭐 했어?

480
00:52:37,159 --> 00:52:38,658
내가 열한 살이었을 때

481
00:52:38,993 --> 00:52:41,367
아무도 내 생일을
기억 못 했어

482
00:52:42,490 --> 00:52:44,696
내가 엄마한테 말했을 때

483
00:52:45,862 --> 00:52:48,608
엄마는 막 화를 내면서
내 귀를 잡았지

484
00:52:49,147 --> 00:52:52,812
아빠는 장난감 가게까지 나를
태워다 주고 사고 싶은 걸 고르게 했어

485
00:52:54,102 --> 00:52:56,184
그건 좀... 깊은 이야기네

486
00:52:58,806 --> 00:53:00,304
괜찮아

487
00:53:02,426 --> 00:53:03,924
뭘 골랐어?

488
00:53:05,922 --> 00:53:08,588
장난감 전화

489
00:53:09,503 --> 00:53:11,001
빨간색이었지

490
00:53:13,914 --> 00:53:15,996
- 잘 골랐네
- 고마워

491
00:53:41,431 --> 00:53:42,929
한 모금 마실래?

492
00:53:50,797 --> 00:53:54,250
- 좋아?
- 응, 정말 맛있어!

493
00:54:15,729 --> 00:54:18,142
<i>스코틀랜드로
돌아갈 생각 없어?</i>

494
00:54:19,517 --> 00:54:21,015
<i>응</i>

495
00:54:21,267 --> 00:54:22,765
<i>왜?</i>

496
00:54:23,721 --> 00:54:25,219
<i>햇빛이 부족해</i>

497
00:54:25,926 --> 00:54:27,425
<i>웃겨</i>

498
00:54:30,422 --> 00:54:32,755
<i>그냥 지나간 일이야</i>

499
00:54:35,125 --> 00:54:36,708
<i>그런 느낌이 있어</i>

500
00:54:37,583 --> 00:54:40,580
<i>자란 곳을 한번 떠나면...</i>

501
00:54:43,453 --> 00:54:44,951
결코 다시 그곳에

502
00:54:45,323 --> 00:54:47,197
완전히 속할 수는 없다는 느낌

503
00:54:48,696 --> 00:54:50,194
절대 없어

504
00:54:52,276 --> 00:54:54,066
에든버러는 진짜...

505
00:54:57,770 --> 00:55:00,308
내가 속해 있다는
느낌을 받은 적이 없어

506
00:55:03,433 --> 00:55:05,179
나는 있는데, 그게 집이잖아

507
00:55:07,884 --> 00:55:09,383
좋아

508
00:55:10,590 --> 00:55:12,588
그렇게 느꼈다니 다행이네

509
00:55:15,712 --> 00:55:19,872
하지만 네가 어디에서 끝을 맺을지는
너도 절대 알 수 없어

510
00:55:21,954 --> 00:55:24,244
어디든지 원하는 곳에 살 수 있어

511
00:55:28,947 --> 00:55:30,654
어떤 사람이라도 될 수 있고

512
00:55:38,270 --> 00:55:39,768
넌 시간이 많아

513
00:56:00,292 --> 00:56:01,790
괜찮아

514
00:58:09,910 --> 00:58:11,453
선크림 바를 시간

515
00:58:14,781 --> 00:58:16,280
아니, 내가 할 거야

516
00:58:25,602 --> 00:58:27,101
잘 안 될걸

517
00:58:28,268 --> 00:58:29,850
도와줄게

518
00:58:31,389 --> 00:58:34,302
아니, 소피
뒤로 돌아야지

519
00:58:37,259 --> 00:58:38,757
머리카락 올리고

520
00:58:39,049 --> 00:58:40,547
좋아

521
00:58:45,291 --> 00:58:48,000
오늘 뭐라도 해야지?
하루 잘 보내야지

522
00:58:48,164 --> 00:58:49,662
뭐 할까?

523
00:58:50,078 --> 00:58:51,576
수구?

524
00:58:52,495 --> 00:58:54,074
수영 잘 못해

525
00:58:54,657 --> 00:58:56,863
넌 선수야, 소피, 맞잖아

526
00:58:57,447 --> 00:58:58,945
하자

527
00:58:59,321 --> 00:59:01,942
이제 며칠밖에 안 남았어
재미있을 거야

528
00:59:04,108 --> 00:59:05,606
일어나

529
00:59:07,560 --> 00:59:09,059
일어나! 일어나! 일어나!

530
00:59:10,517 --> 00:59:12,016
수영하러 가자

531
00:59:26,537 --> 00:59:28,244
손 올려, 손 올려!

532
00:59:28,412 --> 00:59:30,410
소피! 소피!

533
01:00:03,416 --> 01:00:05,083
한 잔 더 주세요

534
01:00:05,454 --> 01:00:06,953
고맙습니다

535
01:00:13,446 --> 01:00:15,780
비키니는 왜 입었어?

536
01:00:16,779 --> 01:00:18,278
몰라

537
01:00:37,215 --> 01:00:38,881
내일 기대되지?

538
01:00:44,168 --> 01:00:45,666
응

539
01:01:01,650 --> 01:01:03,440
다들 재미있었나요, 여러분?

540
01:01:03,564 --> 01:01:05,271
- 예!
- 소피는 재미있었대요

541
01:01:05,394 --> 01:01:08,100
캘럼과 소피에게 박수!

542
01:01:09,890 --> 01:01:11,408
신청한 건 아니지?

543
01:01:11,472 --> 01:01:14,429
했어! 다섯 살 때부터
휴가 때마다 했잖아

544
01:01:14,637 --> 01:01:16,304
이제 나이도 좀 먹었잖아

545
01:01:16,467 --> 01:01:18,509
뭐? 저 여자분들은
50살은 먹었겠다

546
01:01:18,673 --> 01:01:21,462
그냥 있자, 금방 넘어갈 거야
아빠는 노래할 기분 아냐

547
01:01:21,670 --> 01:01:23,712
우리 노래 들으려고 기다리잖아

548
01:01:25,043 --> 01:01:26,625
재미있게 놀기로 했잖아

549
01:01:26,749 --> 01:01:28,539
소피, 나 안 해, 알았지?

550
01:01:36,363 --> 01:01:37,862
어서 오세요

551
01:03:35,412 --> 01:03:37,534
소피에게 큰 박수!

552
01:03:40,160 --> 01:03:43,572
어서 오세요, 여기 있어요

553
01:03:49,358 --> 01:03:52,647
원하면 노래 레슨을 받게 해 줄게

554
01:03:53,854 --> 01:03:55,600
왜, 내가 노래 못해서?

555
01:03:55,724 --> 01:03:58,221
그냥 누구든 뭔가를
배울 수 있다는 뜻이었어

556
01:03:59,348 --> 01:04:02,217
- 그거 좀 그만해
- 뭘 그만해?

557
01:04:02,301 --> 01:04:06,050
돈도 없으면서
뭐 해주겠다고 하는 거

558
01:04:21,326 --> 01:04:22,825
자, 가자

559
01:04:23,196 --> 01:04:24,987
빨리 끝내고 가자

560
01:04:25,115 --> 01:04:26,901
싫어, 더 있다가

561
01:04:31,188 --> 01:04:32,687
그럼 위층에서 보자

562
01:04:34,022 --> 01:04:35,520
소피?

563
01:04:37,474 --> 01:04:38,973
너무 늦으면 안 돼

564
01:04:44,219 --> 01:04:45,258
받아

565
01:04:45,382 --> 01:04:47,172
알았어, 토비, 진정해

566
01:04:51,005 --> 01:04:53,958
진짜야, 너무 많이 마셨어

567
01:04:54,086 --> 01:04:55,956
- 많이 안 마셨어...
- 마셨어!

568
01:04:56,999 --> 01:04:58,745
딱 몇 잔만

569
01:04:58,913 --> 01:05:00,827
아니, 진심이야

570
01:05:12,315 --> 01:05:14,437
아빠 찾는 거 도와줄까?

571
01:05:15,564 --> 01:05:17,518
- 아니
- 알았어

572
01:06:06,721 --> 01:06:08,343
물 좀 주세요?

573
01:06:17,003 --> 01:06:18,541
괜찮아?

574
01:06:19,372 --> 01:06:20,871
빈둥대고 있어요

575
01:06:23,536 --> 01:06:25,034
여기

576
01:06:33,066 --> 01:06:34,901
남자애들 바보 같지

577
01:06:37,770 --> 01:06:39,268
됐다!

578
01:06:40,435 --> 01:06:42,309
어차피 내일 갈 거니까...

579
01:06:42,849 --> 01:06:44,847
넌 며칠 더 있을 거지, 그지?

580
01:06:44,975 --> 01:06:46,473
예

581
01:06:46,889 --> 01:06:49,218
이제 전부 사용할 수 있어

582
01:06:51,300 --> 01:06:53,046
- 고마워요
- 뭘, 괜찮아

583
01:06:54,337 --> 01:06:55,836
또 봐

584
01:06:57,170 --> 01:06:58,709
뭐 좀 드릴까요?

585
01:06:58,833 --> 01:07:02,037
환타 레몬 주세요
저 이거 있어요

586
01:07:11,612 --> 01:07:13,234
<i>신사 숙녀 여러분</i>

587
01:07:13,362 --> 01:07:15,944
<i>환상적이고 멋지고 놀라운 외팔이</i>

588
01:07:16,151 --> 01:07:18,649
<i>캘럼 에런 패터슨</i>

589
01:07:19,396 --> 01:07:21,354
<i>기대하세요</i>

590
01:07:21,854 --> 01:07:24,515
<i>이브닝 엔터테인먼트</i>

591
01:07:25,474 --> 01:07:26,972
<i>그리고...</i>

592
01:07:27,932 --> 01:07:29,430
<i>보자</i>

593
01:07:30,009 --> 01:07:31,508
<i>토레몰리노!</i>

594
01:07:32,343 --> 01:07:33,842
<i>괜찮아, 소피?</i>

595
01:08:19,212 --> 01:08:21,834
- 아이 씨, 왜 그랬어?
- 미안

596
01:08:25,414 --> 01:08:28,243
- 미안, 장난으로 그랬어
- 바보!

597
01:08:28,579 --> 01:08:29,742
어디 가?

598
01:08:29,870 --> 01:08:34,029
집에 가야 하는데 길을 잃었어
밤에는 다 똑같아 보여

599
01:08:34,197 --> 01:08:36,071
우리랑 같이 놀래?

600
01:08:36,195 --> 01:08:38,025
- 뭐하는데?
- 마이클!

601
01:08:38,149 --> 01:08:39,648
빨리 와!

602
01:09:11,951 --> 01:09:14,449
여기 또 수영장이 있는지 몰랐어

603
01:09:15,156 --> 01:09:16,655
응, 낮에는 조용해

604
01:09:16,946 --> 01:09:19,608
수영을 잘 못해서
나는 여기가 좋아

605
01:09:20,359 --> 01:09:23,104
나도 잘 못해
아직 잠수도 못 해

606
01:09:26,185 --> 01:09:27,436
근데

607
01:09:27,684 --> 01:09:30,181
난 네가 꽤 좋아

608
01:09:31,723 --> 01:09:33,221
너 나 좋아하니?

609
01:09:35,384 --> 01:09:36,882
응

610
01:12:56,435 --> 01:12:57,933
여자분!

611
01:13:33,729 --> 01:13:36,143
- 잘 자요
- 잘 자요

612
01:15:13,881 --> 01:15:15,420
헤이

613
01:15:15,627 --> 01:15:17,126
괜찮아?

614
01:15:17,917 --> 01:15:19,460
응

615
01:15:36,067 --> 01:15:37,981
생일 축하해, 소피

616
01:15:43,308 --> 01:15:44,890
내가 재울게

617
01:16:12,694 --> 01:16:15,152
- 안녕하세요?
- <i>모닝콜입니다</i>

618
01:16:15,276 --> 01:16:18,317
- 예, 고맙습니다
- <i>20분 뒤에 오늘 여행 출발합니다</i>

619
01:16:19,024 --> 01:16:20,522
고맙습니다

620
01:16:31,887 --> 01:16:33,094
소피!

621
01:16:33,386 --> 01:16:35,715
소피, 일어나자

622
01:17:25,122 --> 01:17:26,620
조심해 그거

623
01:17:27,619 --> 01:17:30,660
안경다리 제대로 안 껴서
죽은 사람도 있어

624
01:17:30,828 --> 01:17:33,949
코 통과해서 뇌를 뚫었어

625
01:17:34,532 --> 01:17:36,323
- 거짓말이야
- 진짜야

626
01:17:59,088 --> 01:18:00,586
생일 축하해, 아빠

627
01:18:09,413 --> 01:18:10,912
고마워, 우리 딸

628
01:18:34,013 --> 01:18:35,595
좋아

629
01:18:47,375 --> 01:18:48,874
아빠 따라 하는 거야?

630
01:18:52,826 --> 01:18:54,452
잘났어 정말

631
01:18:57,529 --> 01:18:59,028
주목!

632
01:19:10,808 --> 01:19:14,013
- 오, 이거 할 거야?
- 그래, 속았지!

633
01:19:24,630 --> 01:19:26,920
- 그래도 따라 할 거야
- 알아

634
01:19:27,583 --> 01:19:30,372
- 정확히
- 이제 이거 따라 해 봐

635
01:19:40,570 --> 01:19:42,069
숨 쉬고

636
01:19:49,022 --> 01:19:50,768
- 보고 있니?
- 응

637
01:19:50,936 --> 01:19:52,642
발 붙이고, 위로

638
01:20:00,510 --> 01:20:02,009
위로...

639
01:20:03,176 --> 01:20:04,674
그리고 아래로

640
01:20:05,381 --> 01:20:06,880
위로

641
01:20:07,335 --> 01:20:08,794
그리고...

642
01:20:08,918 --> 01:20:11,124
아래로
이제 눈 감고 해 봐

643
01:20:11,623 --> 01:20:13,413
그리고 호흡에 집중해

644
01:20:28,358 --> 01:20:30,480
유황 냄새 정말 심해!

645
01:20:35,100 --> 01:20:37,849
- 무슨 냄새야?
- 이거 하러 왔잖아

646
01:20:40,802 --> 01:20:42,924
클레오파트라도 했대...

647
01:20:44,758 --> 01:20:49,253
대단해, 클레오파트라가
바로 여기 왔다니

648
01:20:53,205 --> 01:20:54,704
그래

649
01:20:54,912 --> 01:20:58,077
클레오파트라가
뱀에 물려 죽기 전에

650
01:20:59,036 --> 01:21:01,405
근데 그거 자살한 거래

651
01:21:01,905 --> 01:21:04,822
진짜 뱀 때문인 지는 몰라
아무도 뱀은 찾지 못했대

652
01:21:04,986 --> 01:21:07,943
- 바늘 때문 일거야
- 어떻게 알았어?

653
01:21:08,111 --> 01:21:10,440
지난 학기에 이집트 좀 배웠어

654
01:21:29,253 --> 01:21:30,960
어깨에 그거 뭐야?

655
01:21:33,625 --> 01:21:35,123
잘 모르겠어

656
01:21:40,035 --> 01:21:42,033
소피 침대에서
맛이 간 거 미안해

657
01:21:42,992 --> 01:21:44,354
괜찮아

658
01:21:44,490 --> 01:21:46,073
그런데 열쇠가 없었어

659
01:21:46,528 --> 01:21:49,149
- 어떻게 들어왔어?
- 리셉션

660
01:21:56,978 --> 01:21:59,139
정말 미안해, 소피
어제는...

661
01:22:00,514 --> 01:22:02,264
괜찮아, 별거 아니야

662
01:22:02,556 --> 01:22:04,055
그렇지 않아
작은 일이 아냐

663
01:22:07,052 --> 01:22:08,590
미안해, 알았지?

664
01:22:22,700 --> 01:22:24,198
미안해, 알았지?

665
01:22:27,363 --> 01:22:29,277
고마워

666
01:22:31,775 --> 01:22:33,565
소피 팔에는 아무것도 없네

667
01:22:33,813 --> 01:22:35,687
- 아까 했어
- 아니, 안 했어

668
01:22:36,478 --> 01:22:37,977
이제 한다

669
01:22:38,228 --> 01:22:40,226
- 등 좀 봐
- 내 등?

670
01:22:40,350 --> 01:22:41,849
응

671
01:22:42,304 --> 01:22:45,513
좋아, 등이 커서
큰 덩어리로 해야지

672
01:22:52,794 --> 01:22:54,628
어깨 조심

673
01:22:54,792 --> 01:22:55,875
괜찮아

674
01:22:56,003 --> 01:22:57,501
미안!

675
01:23:09,821 --> 01:23:11,487
<i>어젯밤 좋았어?</i>

676
01:23:14,816 --> 01:23:16,314
<i>응</i>

677
01:23:18,188 --> 01:23:19,687
<i>남자 애가...</i>

678
01:23:19,935 --> 01:23:21,433
<i>마이클...</i>

679
01:23:21,977 --> 01:23:24,306
<i>오토바이 게임에서 만났는데</i>

680
01:23:25,345 --> 01:23:26,344
<i>응</i>

681
01:23:26,388 --> 01:23:29,469
<i>어젯밤에 같이 키스했어
마이클이 나한테 키스하고</i>

682
01:23:29,885 --> 01:23:31,591
<i>그다음 같이 키스했어</i>

683
01:23:35,087 --> 01:23:36,586
<i>같은 또래지?</i>

684
01:23:37,125 --> 01:23:38,624
<i>응</i>

685
01:23:40,958 --> 01:23:42,912
<i>좋아, 문제없어
그지?</i>

686
01:23:43,955 --> 01:23:45,453
<i>걔 뺨에 뾰루지 있지?</i>

687
01:23:45,909 --> 01:23:46,952
<i>음...</i>

688
01:23:47,159 --> 01:23:48,950
<i>응, 근데 사실은 없어</i>

689
01:23:49,073 --> 01:23:50,572
<i>알았어</i>

690
01:23:55,943 --> 01:23:58,620
<i>아빠한테는 뭐든
이야기해도 돼</i>

691
01:23:59,519 --> 01:24:01,225
소피도 나이 먹으면

692
01:24:03,683 --> 01:24:05,597
파티에 가고

693
01:24:08,430 --> 01:24:11,343
남자애들 만나고
마약도 하고

694
01:24:11,467 --> 01:24:13,713
- 아빠!
- 아니, 진심이야, 소피

695
01:24:14,212 --> 01:24:17,877
아빠도 다 했는데 소피도 할 수 있어
아빠한테 전부다 이야기하겠다고 약속해

696
01:24:18,000 --> 01:24:20,418
좋아, 하지만 난 절대
그런 짓은 하지 않을 거야

697
01:24:20,582 --> 01:24:22,080
그것도 좋아

698
01:24:23,371 --> 01:24:25,329
그래도 하게 되면
기억해, 알겠지?

699
01:24:51,091 --> 01:24:53,629
우리 아빠 생일 축하노래
셋을 세고 같이 해요

700
01:25:13,237 --> 01:25:15,191
3, 2, 1!

701
01:26:29,505 --> 01:26:34,656
<i>소피,
정말 사랑해
절대 잊지마
아빠가<i>

702
01:27:27,894 --> 01:27:30,724
- 아빠 것도 살 걸
- 맛만 볼 거야

703
01:27:30,891 --> 01:27:33,513
절반이나 퍼갔으면서

704
01:27:34,759 --> 01:27:36,310
사진 찍을래요?

705
01:27:36,342 --> 01:27:38,592
- 얼마죠?
- 50,000리라

706
01:27:39,007 --> 01:27:40,506
좋아요

707
01:27:46,955 --> 01:27:48,454
준비됐지?

708
01:27:54,032 --> 01:27:56,366
<i>- 고맙습니다
- 천만에요</i>

709
01:28:13,429 --> 01:28:15,219
휴가 좋았어?

710
01:28:15,595 --> 01:28:17,093
최고야

711
01:28:18,136 --> 01:28:20,258
더 머물렀으면 좋겠는데

712
01:28:23,131 --> 01:28:24,630
나도

713
01:28:27,127 --> 01:28:28,626
뭐?

714
01:28:29,081 --> 01:28:30,703
내 말은, 왜 안 되냐고

715
01:28:31,123 --> 01:28:32,622
무슨 뜻이야?

716
01:28:32,909 --> 01:28:36,406
그냥 여기서 지내면
안 되냐고

717
01:28:42,568 --> 01:28:44,941
평생을 호텔에서
살 수는 없다, 이거지!

718
01:28:45,065 --> 01:28:47,063
그래

719
01:28:51,059 --> 01:28:53,848
- 과자 먹어
- 아, 고마워!

720
01:28:57,305 --> 01:28:59,051
한 입에 먹어야지

721
01:29:03,547 --> 01:29:05,045
더 빨리!

722
01:29:11,207 --> 01:29:12,913
마지막 밤, 댄스 타임

723
01:29:13,497 --> 01:29:15,287
- 난 춤 안 춰
- 소피!

724
01:29:15,451 --> 01:29:17,325
절대 절대 안 출거야

725
01:29:18,655 --> 01:29:22,028
소피가 있건 없건 아빠는 춤을 추지
아빠는 춤을 사랑해

726
01:29:22,859 --> 01:29:26,484
- 아빠 그만해, 정말 창피해
- 이게 창피해?

727
01:29:48,586 --> 01:29:50,084
어서!

728
01:29:50,552 --> 01:29:52,550
- 준비가 됐어?
- 그만...

729
01:29:53,872 --> 01:29:55,371
그만!

730
01:32:03,367 --> 01:32:04,989
<i>- 안녕
- 사랑해</i>

731
01:32:05,117 --> 01:32:07,195
<i>- 조심하고
- 바이 바이</i>

732
01:32:09,361 --> 01:32:11,067
<i>엄마한테 안부 전해</i>

733
01:32:12,481 --> 01:32:13,980
<i>베이비시터
나 이제 필요 없어</i>

734
01:32:50,527 --> 01:32:51,610
<i>사랑해</i>

735
01:32:51,734 --> 01:32:53,233
<i>사랑해</i>

736
01:32:54,691 --> 01:32:56,190
<i>안녕</i>

737
01:34:44,481 --> 01:34:49,476
자막 번역: 9beach@gmail.com
