1
00:01:35,015 --> 00:01:37,039
<i>우-우</i>

2
00:01:40,308 --> 00:01:41,816
<i>뭐야?</i>

3
00:01:41,931 --> 00:01:44,808
<i>- 세상에! 그건 또 뭐야?
- 춤이지</i>

4
00:01:46,560 --> 00:01:49,684
<i>- 그만해, 창피해
- 창피하지 않거든</i>

5
00:01:50,684 --> 00:01:53,139
<i>그만하고 인터뷰하자</i>

6
00:01:53,308 --> 00:01:55,768
<i>그래? 무슨 인터뷰?</i>

7
00:01:56,348 --> 00:01:57,916
<i>글쎄</i>

8
00:01:59,268 --> 00:02:02,808
<i>저는 이제 막
열한 살이 되었어요</i>

9
00:02:03,639 --> 00:02:07,639
<i>아빠는 130살입니다</i>

10
00:02:08,060 --> 00:02:12,060
<i>이틀 뒤에 131살이 됩니다</i>

11
00:02:14,224 --> 00:02:16,432
<i>그래서...</i>

12
00:02:17,516 --> 00:02:19,268
<i>아빠는 열한 살 때</i>

13
00:02:19,432 --> 00:02:21,516
<i>지금 뭐 하고 있을 거라고
생각했나요?</i>

14
00:03:01,060 --> 00:03:02,060
<i>사랑해</i>

15
00:03:02,224 --> 00:03:03,724
<i>사랑해</i>

16
00:03:05,100 --> 00:03:06,724
<i>안녕</i>

17
00:03:37,768 --> 00:03:39,476
안녕하세요, 여러분
저는 벨린다예요

18
00:03:39,847 --> 00:03:42,476
앞으로 한두 주
제가 가이드를 맡습니다

19
00:03:42,600 --> 00:03:46,100
저는 이제 막 여기 왔습니다
이전에 있던 곳은 토레몰...

20
00:03:48,268 --> 00:03:50,140
토레몰리노!

21
00:03:52,268 --> 00:03:53,808
좋아요, 저는...

22
00:03:53,976 --> 00:03:58,140
터키에서 여러분을 모시겠습니다
앞으로 일곱 군데 정차합니다...

23
00:03:58,308 --> 00:04:00,140
저는 벨린다예요

24
00:04:01,560 --> 00:04:03,560
그리고 이제 막...

25
00:04:04,140 --> 00:04:06,099
토레몰리노에서 왔습니다!

26
00:04:08,140 --> 00:04:10,184
토...레...몰...리...노!

27
00:04:11,184 --> 00:04:13,140
토레몰리노...

28
00:05:47,848 --> 00:05:49,476
딴 데 가지 마
귀염둥이, 알았지?

29
00:05:49,600 --> 00:05:51,600
알았어

30
00:05:55,892 --> 00:05:57,476
난 괜찮아

31
00:06:34,892 --> 00:06:36,668
누가 와

32
00:06:38,392 --> 00:06:39,640
졸려?

33
00:06:39,976 --> 00:06:41,476
아니

34
00:06:53,432 --> 00:06:54,932
안녕하세요?

35
00:06:56,016 --> 00:06:57,892
501호입니다

36
00:07:02,348 --> 00:07:03,848
예, 우리예요

37
00:07:05,140 --> 00:07:09,932
예, 침대 두 개 있는 방을
예약했는데 하나밖에 없네요

38
00:07:17,768 --> 00:07:22,392
<i>결제했고 여행사에 확인했어요</i>

39
00:07:29,060 --> 00:07:30,140
<i>해줄 수 있는 게
그게 다죠?</i>

40
00:07:30,268 --> 00:07:32,724
밑에 숨어, 간다

41
00:07:32,892 --> 00:07:34,684
<i>그건 꼭 해주세요</i>

42
00:07:38,268 --> 00:07:39,768
<i>알겠어요, 고마워요</i>

43
00:07:40,768 --> 00:07:42,268
<i>예, 끊어요</i>

44
00:07:43,184 --> 00:07:44,808
잘 자

45
00:11:04,184 --> 00:11:06,808
디지털 비디오 엔터테인먼트

46
00:11:06,976 --> 00:11:09,432
빠뜨리지 마, 소피
비싼 거야

47
00:11:18,516 --> 00:11:20,140
호텔 일은 미안해

48
00:11:20,560 --> 00:11:22,308
클라이브는 여기서
재미있게 지냈대

49
00:11:28,184 --> 00:11:31,476
- 집에 별일 없지?
- 무슨 말이야?

50
00:11:31,640 --> 00:11:34,392
엄마하고 잘 지내냐고

51
00:11:34,560 --> 00:11:36,476
응, 잘 지내

52
00:11:37,432 --> 00:11:38,932
좋아

53
00:11:39,516 --> 00:11:41,016
다행이네

54
00:11:41,476 --> 00:11:43,348
왜? 엄마가 무슨 말을 했어?

55
00:11:43,516 --> 00:11:45,016
아무 말도 안 했어

56
00:11:45,476 --> 00:11:48,268
지난번에 봤을 때
별로 좋지 않다며

57
00:11:49,976 --> 00:11:52,060
전화로는 길게
물어보기가 그래서

58
00:11:53,140 --> 00:11:55,976
응, 그래
많이 나아졌어

59
00:12:03,432 --> 00:12:05,392
가서 인사해봐

60
00:12:06,848 --> 00:12:08,848
아빠, 싫어, 꼬마잖아

61
00:12:11,432 --> 00:12:14,268
아빠가 인사하지 그래?

62
00:12:15,060 --> 00:12:16,848
소피, 너무 늙었잖아

63
00:12:29,224 --> 00:12:33,348
<i>물체에 살짝 올려놓으면
빛이 들어옵니다</i>

64
00:12:34,016 --> 00:12:35,876
<i>꽤 멋져요</i>

65
00:12:45,932 --> 00:12:49,476
<i>- 진짜 큰 아이스크림을 먹을래?
- 응, 내 머리보다 커</i>

66
00:12:49,600 --> 00:12:51,932
<i>그건 불가능해
소피 머리는 너무 커</i>

67
00:12:53,308 --> 00:12:54,848
<i>- 말 다했어?
- 뭐?</i>

68
00:12:54,976 --> 00:12:57,684
<i>- 좀 예의 없네
- 아냐, 명백한 사실이야</i>

69
00:12:58,348 --> 00:12:59,976
<i>네 머리가 나보다 더 커</i>

70
00:13:00,348 --> 00:13:04,184
<i>동의할 수 없어
얼마나 큰 지 봐</i>

71
00:13:07,140 --> 00:13:09,432
<i>아빠 머리가 더 커</i>

72
00:13:43,892 --> 00:13:45,560
<i>엄마한테 인사해야지</i>

73
00:13:46,392 --> 00:13:47,892
<i>그게 다야?</i>

74
00:13:48,516 --> 00:13:50,600
<i>- 사랑해
- 보고 싶다네</i>

75
00:13:50,768 --> 00:13:53,348
<i>- 보고 싶어!
- 그다음?</i>

76
00:13:53,516 --> 00:13:56,808
<i>- 안녕
- 그다음?</i>

77
00:13:56,932 --> 00:13:59,476
<i>그리고 아빠는 대단해</i>

78
00:13:59,640 --> 00:14:02,516
<i>- 왜 대단해?
- 왜냐하면 아빠는 너무...</i>

79
00:15:12,224 --> 00:15:14,140
어, 뭐래?

80
00:15:16,516 --> 00:15:19,892
집에 가면 하려고
화요일까지 수업 안 해

81
00:15:20,392 --> 00:15:21,892
괜찮아

82
00:15:23,640 --> 00:15:26,392
응, 좋아
사실 원래 묵기로 한 호텔이 아냐

83
00:15:26,560 --> 00:15:29,184
그런데 숙소에 전화가 없어

84
00:15:30,060 --> 00:15:32,892
아빠?
잘 있어

85
00:15:33,432 --> 00:15:36,640
세상에, 아빠가 이상하게
닌자 흉내를 내고 있어

86
00:15:36,768 --> 00:15:38,808
아빠는 가끔 왜 저래?

87
00:15:40,060 --> 00:15:41,948
그래도, 아빠는 좋아 보여

88
00:15:43,932 --> 00:15:46,016
알겠어
사랑해, 안녕

89
00:15:49,516 --> 00:15:50,892
엄마가 바꿔달래

90
00:15:51,060 --> 00:15:53,224
- 뭐?
- 엄마가 바꿔달래

91
00:15:53,392 --> 00:15:54,916
알았어

92
00:15:58,348 --> 00:15:59,848
고마워, 귀염둥이

93
00:16:00,892 --> 00:16:02,440
안녕

94
00:16:04,392 --> 00:16:06,016
나 찾았다며

95
00:16:07,348 --> 00:16:09,808
그래서, 할 거야?

96
00:16:09,976 --> 00:16:11,500
무슨 뜻이야?

97
00:16:12,600 --> 00:16:13,600
조지랑 할 거냐고

98
00:16:14,060 --> 00:16:15,932
조지가 셉한테...

99
00:16:16,060 --> 00:16:17,560
너랑 같이 하고 싶다고

100
00:16:17,848 --> 00:16:19,348
셉한테 그랬을 리가 없어

101
00:16:19,724 --> 00:16:21,348
어젯밤 집에 가는 길에

102
00:16:21,932 --> 00:16:23,432
케니한테 줬는데...

103
00:16:23,848 --> 00:16:26,392
저쪽 수영장 뒤에 수풀에 진짜로

104
00:16:27,516 --> 00:16:29,640
그래서?

105
00:16:30,724 --> 00:16:31,724
무슨 뜻이야?

106
00:16:31,808 --> 00:16:33,060
걔가 왔어?

107
00:16:33,308 --> 00:16:35,392
그래... 정말

108
00:16:39,432 --> 00:16:41,432
가끔은 머리를 뒤로 넘겨봐

109
00:16:41,600 --> 00:16:43,600
뒤로 넘기니까 정말 예쁘네

110
00:16:48,600 --> 00:16:51,848
- 쟤 우리 이야기 들은 것 같지?
- 상관없어, 아홉 살이나 될까

111
00:17:18,184 --> 00:17:19,776
잘 됐네

112
00:17:22,223 --> 00:17:23,808
정말 좋아

113
00:17:27,808 --> 00:17:29,308
그래, 사랑해

114
00:17:30,515 --> 00:17:31,768
그래, 그래

115
00:17:31,892 --> 00:17:33,460
응, 그럴게

116
00:17:36,016 --> 00:17:37,525
안녕

117
00:17:38,560 --> 00:17:40,060
어이

118
00:17:44,476 --> 00:17:45,639
할 줄 알아?

119
00:17:45,767 --> 00:17:47,891
- 이게 스타트 버튼이야
- 알아

120
00:17:53,348 --> 00:17:55,015
<i>엔진을 스타트하세요</i>

121
00:18:45,184 --> 00:18:47,476
- 한 판 더 할래?
- 그만 가자

122
00:18:49,684 --> 00:18:51,600
- 안녕
- 안녕

123
00:18:52,432 --> 00:18:53,932
받아

124
00:18:54,600 --> 00:18:56,131
준비됐어?

125
00:19:08,476 --> 00:19:10,724
자, 하자

126
00:19:17,432 --> 00:19:18,848
- 괜찮죠?
- 예

127
00:19:19,015 --> 00:19:20,808
마지막 판입니다

128
00:19:21,224 --> 00:19:22,840
복식 어때요?

129
00:19:23,848 --> 00:19:24,976
예, 좋아요

130
00:19:25,308 --> 00:19:27,515
큐 받침대로 석고 붕대를
쓸 건 아니죠?

131
00:19:27,684 --> 00:19:31,267
원래 오른손잡이예요
애랑 편먹었으니 걱정 마세요

132
00:19:31,432 --> 00:19:32,600
편하게 칩시다

133
00:19:32,767 --> 00:19:34,891
- 브레이크 샷 네가 칠래...?
- 응

134
00:19:39,267 --> 00:19:40,767
좋아

135
00:19:41,308 --> 00:19:42,815
잘했어

136
00:19:45,891 --> 00:19:48,348
- 동생 이름이 뭐예요?
- 소피

137
00:19:48,515 --> 00:19:52,060
- 아, 예
- 사실 딸입니다

138
00:19:53,060 --> 00:19:55,348
- 미안합니다, 저는 그냥...
- 괜찮아요

139
00:19:58,724 --> 00:20:00,891
- 호텔 좋죠?
- 네, 괜찮아요

140
00:20:01,060 --> 00:20:02,724
우리는 길 건너에 묵어요

141
00:20:02,891 --> 00:20:04,639
거의 공사판이에요

142
00:20:07,476 --> 00:20:08,976
올리!

143
00:20:09,891 --> 00:20:11,600
이런 씨발
소피, 잘 치네

144
00:20:11,767 --> 00:20:13,363
욕하지 마

145
00:20:14,432 --> 00:20:15,932
- 아, 미안해요
- 괜찮아요

146
00:20:16,060 --> 00:20:17,560
잘했어

147
00:20:21,684 --> 00:20:23,515
내 차례야, 보고 있어?

148
00:20:36,792 --> 00:20:38,956
- 됐어, 따라와!
- 싫어!

149
00:20:39,083 --> 00:20:41,540
또 이렇게 다들 힘들게 할 거야?

150
00:20:46,583 --> 00:20:47,664
비틀어

151
00:20:47,792 --> 00:20:50,664
아니, 버텨...
안 놔준다, 다시 해

152
00:20:51,000 --> 00:20:52,664
아니, 그냥 밀고 있잖아

153
00:20:53,164 --> 00:20:55,000
여기 봐, 비틀어야지

154
00:20:55,123 --> 00:20:57,871
여기처럼
괜찮아? 다시

155
00:20:59,040 --> 00:21:00,623
내 손목 잡아 봐

156
00:21:02,540 --> 00:21:03,747
알겠어

157
00:21:04,040 --> 00:21:06,664
얇은 부분이 일렬로
손가락까지 이어져

158
00:21:06,792 --> 00:21:08,371
- 보고 있어?
- 응

159
00:21:09,500 --> 00:21:12,207
- 그런 다음 최대한 세게 당겨
- 아야!

160
00:21:12,331 --> 00:21:14,000
지금 심각해, 소피

161
00:21:15,083 --> 00:21:17,292
봐봐, 이거 익혀야 돼

162
00:21:21,916 --> 00:21:23,416
해 봐

163
00:21:23,623 --> 00:21:24,664
아니

164
00:21:24,792 --> 00:21:26,707
당기고 있잖아
비틀라니까

165
00:21:28,164 --> 00:21:30,164
- 다시, 손목 잡아
- 못 비틀겠어

166
00:21:31,292 --> 00:21:33,583
손가락으로 연결되는
얇은 부분

167
00:21:34,000 --> 00:21:36,500
알겠지? 그리고 최대한 세게 당겨

168
00:21:37,916 --> 00:21:39,583
나 심각해, 소피

169
00:21:39,916 --> 00:21:41,500
이거 익혀야 돼, 알았지?

170
00:21:42,500 --> 00:21:44,040
그래야 자신을 지키지

171
00:21:46,416 --> 00:21:48,583
만약에 누가 널 공격하면...

172
00:21:49,956 --> 00:21:51,956
풀고 도망갈 수 있어야지

173
00:21:52,956 --> 00:21:57,000
손목 잡지 않고
공격하면 어떻게 해?

174
00:22:29,083 --> 00:22:31,831
<i>우리가 같은 하늘 아래 있어서
좋은 거 같아</i>

175
00:22:35,000 --> 00:22:36,500
무슨 뜻이야?

176
00:22:36,831 --> 00:22:38,247
음, 그건

177
00:22:38,416 --> 00:22:41,040
가끔 노는 시간에
하늘을 올려다봐

178
00:22:41,792 --> 00:22:43,831
<i>그때 태양을 볼 수 있으면</i>

179
00:22:43,956 --> 00:22:46,164
<i>우리 둘 다 같은 태양을
볼 수 있으니</i>

180
00:22:46,540 --> 00:22:49,331
<i>실제로 같은 장소에
있지 않아도</i>

181
00:22:49,500 --> 00:22:51,747
<i>옆에 있지 않아도</i>

182
00:22:52,371 --> 00:22:54,247
<i>어떤 면에서</i>

183
00:22:56,207 --> 00:22:59,164
<i>우리 둘 다</i>

184
00:22:59,871 --> 00:23:02,040
<i>같은 하늘 아래 있어, 그래서...</i>

185
00:23:04,040 --> 00:23:05,664
<i>같이 있는 셈이지</i>

186
00:23:10,956 --> 00:23:11,956
머리 밑에

187
00:23:12,083 --> 00:23:13,123
2...

188
00:23:13,247 --> 00:23:14,500
3...

189
00:23:14,623 --> 00:23:15,623
4...

190
00:23:15,747 --> 00:23:16,747
4.5...

191
00:23:16,831 --> 00:23:18,331
그만!

192
00:23:24,456 --> 00:23:25,956
우리도 저거 하자

193
00:23:29,831 --> 00:23:31,416
뭐?

194
00:23:34,416 --> 00:23:36,164
너무 어려서 안돼, 귀염둥이

195
00:24:07,500 --> 00:24:09,500
<i>신사 숙녀 여러분</i>

196
00:24:09,623 --> 00:24:12,500
<i>환상적이고 멋지고 놀라운 외팔이</i>

197
00:24:12,664 --> 00:24:14,956
<i>캘럼 에런 패터슨</i>

198
00:24:15,871 --> 00:24:17,583
<i>기대하세요</i>

199
00:24:18,164 --> 00:24:20,916
<i>이브닝 엔터테인먼트</i>

200
00:24:21,956 --> 00:24:23,456
<i>그리고...</i>

201
00:24:24,500 --> 00:24:26,000
<i>보자</i>

202
00:24:26,583 --> 00:24:28,083
<i>토레몰리노!</i>

203
00:24:28,871 --> 00:24:30,371
<i>괜찮아, 소피?</i>

204
00:24:44,456 --> 00:24:46,000
클레어 아줌마 이야기는 안 해?

205
00:24:50,956 --> 00:24:53,207
처음 만났을 때 클레어한테
남자 친구 있던 거 기억나지?

206
00:24:53,792 --> 00:24:55,331
응

207
00:24:55,623 --> 00:24:57,144
누구 전화냐고 물으니, 아빠가

208
00:24:57,247 --> 00:25:00,792
"좋아하는 여자, 그런데 이미
누구랑 같이 있어" 그랬지

209
00:25:01,040 --> 00:25:02,916
그래, 근데
그 둘이 다시 만나

210
00:25:04,416 --> 00:25:06,664
- 난 클레어 아줌마가 좋았어
- 응, 아빠도

211
00:25:06,792 --> 00:25:09,083
그럼 카페를
열지 않겠다는 말이네?

212
00:25:09,207 --> 00:25:10,707
그 카페?

213
00:25:11,456 --> 00:25:14,000
응, 이제 안 해, 근데...

214
00:25:14,747 --> 00:25:17,000
키스랑 새로운 일을 시작했어

215
00:25:18,000 --> 00:25:19,500
뭔데?

216
00:25:19,831 --> 00:25:22,664
사실은 아직 준비 단계야

217
00:25:23,040 --> 00:25:26,456
런던 외곽에 집을 임대해서
일하려고 생각 중이야

218
00:25:26,583 --> 00:25:28,916
너 오면 묵을 방도 줄게

219
00:25:30,040 --> 00:25:31,916
응, 노란색으로 칠해도 돼?

220
00:25:32,040 --> 00:25:34,207
노란색? 노란색은 왜?

221
00:25:34,840 --> 00:25:36,416
노란색으로 칠하고 싶어

222
00:25:36,540 --> 00:25:38,747
그런데 내 방 칠하는 건
엄마가 허락 안 해

223
00:25:39,916 --> 00:25:42,040
이거 난처한데!

224
00:25:42,583 --> 00:25:44,540
그래도 되지?

225
00:25:44,916 --> 00:25:47,000
그때 가서 보자

226
00:25:48,956 --> 00:25:50,583
저거나 보자

227
00:26:22,831 --> 00:26:24,331
몇 호에 계세요?

228
00:26:24,623 --> 00:26:26,292
소피, 지갑 가져왔어?

229
00:26:26,871 --> 00:26:28,371
아니?

230
00:26:29,583 --> 00:26:31,083
이거 쥐어
저 사람 보지 마

231
00:26:32,456 --> 00:26:34,747
셋 세고 무대에 던진 뒤
도망가자

232
00:26:38,623 --> 00:26:40,416
가자, 달려라!
달려라, 소피!

233
00:27:03,164 --> 00:27:04,664
<i>아팠어?</i>

234
00:27:07,083 --> 00:27:08,583
<i>떨어졌을 때</i>

235
00:27:10,416 --> 00:27:12,456
- 손목이 부러졌을 때?
- 응

236
00:27:14,747 --> 00:27:16,247
몰라

237
00:27:17,583 --> 00:27:19,083
잘 기억 안 나

238
00:27:21,416 --> 00:27:23,083
부러진 줄 몰랐어

239
00:27:23,583 --> 00:27:25,500
그전에 부러진 적이
한 번도 없었거든

240
00:27:27,371 --> 00:27:29,500
<i>나는 한 번도 없어</i>

241
00:27:36,247 --> 00:27:38,247
엄마랑 아빠는
왜 사랑한다고 말해?

242
00:27:38,416 --> 00:27:41,416
<i>- 뭐?</i>
- 전화할 때나, 그럴 때

243
00:27:41,916 --> 00:27:44,500
같이 살지도 않잖아
왜 사랑한다고 말하지?

244
00:27:45,707 --> 00:27:47,207
<i>음...</i>

245
00:27:47,956 --> 00:27:50,083
<i>사랑하는 사람들을
전부 생각해 봐, 예를 들면...</i>

246
00:27:50,247 --> 00:27:54,207
<i>나나, 할아버지, 삼촌
이모들, 알겠지?</i>

247
00:27:55,831 --> 00:27:57,331
응, 하지만 그 사람들은
가족이잖아

248
00:27:57,456 --> 00:27:59,247
<i>엄마는 가족이야</i>

249
00:28:13,583 --> 00:28:16,956
<i>한 번은, 아빠에게 전화했는지
엄마한테 물어봤는데</i>

250
00:28:17,083 --> 00:28:19,207
<i>아빠가 통화 중이라고 했어</i>
<font color=gray>역주: 'engaged'는 '통화 중'</font>

251
00:28:19,331 --> 00:28:21,207
<i>왜 그랬는지 모르겠지만</i>

252
00:28:21,331 --> 00:28:25,247
<i>엄마 아빠가 결혼하는 줄 알았어</i>
<font color=gray>역주: 'engaged'를 '약혼'으로 착각</font>

253
00:28:25,456 --> 00:28:30,000
<i>아빠만 결혼한다고 생각했는지
둘이 한다고 생각했는지는 모르겠어...</i>

254
00:28:34,916 --> 00:28:36,416
웃기지?

255
00:28:38,916 --> 00:28:40,247
음

256
00:28:40,456 --> 00:28:42,164
그때는 몰랐어

257
00:28:42,292 --> 00:28:45,664
아빠가 다른 사람한테
통화 중이라는 뜻인지

258
00:28:48,707 --> 00:28:50,331
나는 좀 흥분했어

259
00:28:51,456 --> 00:28:53,040
<i>우리가 결혼하는 줄 알고?</i>

260
00:28:55,040 --> 00:28:57,331
응, 내가 정말 어리기는 했지만

261
00:28:58,500 --> 00:29:00,207
일곱 살이었나?

262
00:29:03,416 --> 00:29:05,664
책은 어때?

263
00:29:06,331 --> 00:29:07,831
재미있어?

264
00:29:10,083 --> 00:29:13,500
응, 조금 어렵지만

265
00:29:15,747 --> 00:29:17,247
계속 읽어 봐

266
00:29:17,707 --> 00:29:19,371
정말 재미있을 거야

267
00:29:26,707 --> 00:29:31,331
"지방 자치제의"가 무슨 뜻이야?
<i><font color=gray>역주: 'municipal'</font></i>

268
00:30:08,623 --> 00:30:11,623
<i>- 잘했어, 소피</i>
<i>- 못 한다고 했잖아</i>

269
00:30:11,747 --> 00:30:14,040
<i>- 작년에 했잖아
- 안 했어</i>

270
00:30:14,164 --> 00:30:15,664
<i>여기</i>

271
00:30:21,123 --> 00:30:23,083
<i>- 물안경 줘
- 줬어</i>

272
00:30:23,664 --> 00:30:24,792
<i>뭐?</i>

273
00:30:24,956 --> 00:30:28,164
<i>- 어서, 장난 그만해
- 장난 아냐</i>

274
00:31:30,916 --> 00:31:32,831
아빠가 던진 거
나 못 봤어, 알지?

275
00:31:33,664 --> 00:31:36,040
- 뭘 던져?
- 물안경

276
00:31:36,164 --> 00:31:37,956
비싼 건데

277
00:31:59,500 --> 00:32:01,247
괜찮아

278
00:32:02,707 --> 00:32:05,500
괜찮아, 아빠가 오늘은
좀 피곤해서 그래

279
00:32:09,164 --> 00:32:10,956
카메라 네가 들래?

280
00:32:11,500 --> 00:32:13,000
가방 안에 있어

281
00:32:28,956 --> 00:32:31,792
이거 발 위에 올리고
다시 해보세요

282
00:32:31,956 --> 00:32:34,623
- 발 위에?
- 예, 훨씬 쉬울 거예요

283
00:32:39,500 --> 00:32:42,000
- 도와 드릴까요?
- 예, 고마워요

284
00:32:45,000 --> 00:32:47,416
- 고맙습니다
- 경험자만 아는 팁이죠

285
00:32:50,000 --> 00:32:51,707
괜찮네요

286
00:32:52,623 --> 00:32:54,123
그렇죠

287
00:32:56,456 --> 00:32:57,956
일 년 내내 이 일 하세요?

288
00:32:58,083 --> 00:33:00,456
우리 엄마의 엄마같이 말하시네

289
00:33:00,600 --> 00:33:02,100
- 할머니?
- 예

290
00:33:02,292 --> 00:33:04,247
제가 괜찮은 직업을
가지기 바라시죠

291
00:33:05,040 --> 00:33:06,371
신발 사이즈가 뭐죠?

292
00:33:06,623 --> 00:33:07,747
10

293
00:33:07,871 --> 00:33:10,000
- 10
- 44?

294
00:33:10,247 --> 00:33:11,747
- 44
- 예

295
00:33:12,916 --> 00:33:14,747
- 이게 맞을 겁니다
- 예

296
00:33:16,040 --> 00:33:18,416
제가 여행을 좀 다녔어요

297
00:33:18,583 --> 00:33:20,792
어디 가서 계절 하나 보내고
딴 데 가서 또 하나 보내고

298
00:33:20,956 --> 00:33:22,623
그런데 지금은
여기, 집으로 돌아왔죠

299
00:33:22,747 --> 00:33:24,831
- 그리워요?
- 여행?

300
00:33:25,831 --> 00:33:28,040
솔직히 집만큼 그립지는 않아요

301
00:33:28,207 --> 00:33:31,792
- 곧 아기가 태어나요
- 축하해요!

302
00:33:31,956 --> 00:33:35,747
몇 년 전에는, 마흔 살이 되면
생각하려 했는데...

303
00:33:39,416 --> 00:33:41,583
내가 마흔 먹은 건
진짜 상상이 안간다

304
00:33:44,331 --> 00:33:46,207
서른도 충격적인데

305
00:34:12,456 --> 00:34:14,583
<i>저는 소피 레슬리 패터슨입니다</i>

306
00:34:14,748 --> 00:34:16,416
<i>라이브로 말씀드리는 이곳은...</i>

307
00:34:18,500 --> 00:34:20,416
<i>보트 이름은 모르겠어요</i>

308
00:34:20,708 --> 00:34:23,248
<i>하여튼 방금 제가 가서 본 게</i>

309
00:34:23,248 --> 00:34:28,297
<i>태어나서 본 것 중에
최고였어요</i>

310
00:34:29,164 --> 00:34:30,248
<i>그래서</i>

311
00:34:30,456 --> 00:34:33,916
<i>스쿠버 다이빙
그런 거 하러 갔어요</i>

312
00:34:34,248 --> 00:34:36,248
<i>그런데 거기에 해마 같은 게
진짜로 있었어요</i>

313
00:34:36,416 --> 00:34:38,416
<i>제 손가락 주위를...</i>

314
00:34:38,871 --> 00:34:40,708
<i>둘러쌌어요</i>

315
00:34:40,871 --> 00:34:43,000
<i>그다음 이동해서 본 것이...</i>

316
00:34:44,000 --> 00:34:45,364
<i>문어!</i>

317
00:34:45,583 --> 00:34:48,331
<i>강사님이, 맞나?</i>

318
00:34:48,500 --> 00:34:52,623
<i>맞다, 강사님이 제 머리에
문어를 올려주셨어요</i>

319
00:34:52,792 --> 00:34:55,000
<i>제 머리 위에 진짜 문어를요</i>

320
00:34:56,623 --> 00:34:58,124
<i>예, 하지만 지금은...</i>

321
00:34:58,708 --> 00:35:02,748
<i>아빠... 아니
캘럼 에런 패터슨은</i>

322
00:35:03,500 --> 00:35:06,248
<i>이름은 모르겠지만
스쿠버 다이빙하고 관련된 뭔가를</i>

323
00:35:06,956 --> 00:35:09,956
<i>항상 하고 있어요</i>

324
00:35:10,163 --> 00:35:11,163
<i>하지만...</i>

325
00:35:11,208 --> 00:35:14,624
<i>사실 다이빙 자격증은 없어요</i>

326
00:35:14,872 --> 00:35:17,084
<i>아빠가 거짓말했대요!</i>

327
00:35:18,663 --> 00:35:20,163
<i>하지만</i>

328
00:35:20,415 --> 00:35:21,915
<i>아빠는 문제없을 거예요</i>

329
00:35:23,248 --> 00:35:25,208
<i>문제없을 거예요
확실해요</i>

330
00:35:25,456 --> 00:35:27,500
<i>하지만, 안녕!</i>

331
00:35:27,624 --> 00:35:28,792
안녕!

332
00:35:29,000 --> 00:35:30,500
안녕! 안녕!

333
00:35:30,624 --> 00:35:32,332
안녕! 안녕!

334
00:36:24,748 --> 00:36:26,248
저건 뭐야?

335
00:36:28,372 --> 00:36:29,872
뭐?

336
00:36:34,792 --> 00:36:37,624
저건 일종의 담배야...

337
00:36:37,748 --> 00:36:38,872
흡연은 암을 유발하고

338
00:36:39,000 --> 00:36:42,663
폐에 타르를 넣고
치아를 누렇게 만듭니다

339
00:36:42,792 --> 00:36:45,332
그리고 눈알을 빠지게 합니다

340
00:36:48,248 --> 00:36:50,208
다음에는 딴 데 가자

341
00:36:51,500 --> 00:36:54,872
여기도 좋아
나나는 마지막으로 언제 봤어?

342
00:37:06,292 --> 00:37:07,832
그래...

343
00:37:09,248 --> 00:37:10,748
도전

344
00:37:10,956 --> 00:37:12,872
다시 봐, 알았지?

345
00:37:13,000 --> 00:37:14,915
- 좋아
- 좋아?

346
00:37:16,915 --> 00:37:19,084
맞아, 시작이 안 좋았어

347
00:37:28,832 --> 00:37:31,415
- 언제 학교 가?
- 화요일

348
00:37:31,540 --> 00:37:33,456
- 다음 주?
- 진짜 금방이지

349
00:37:33,624 --> 00:37:35,208
더 늦게 가는 줄 알았는데

350
00:37:37,292 --> 00:37:40,332
- 새 선생님은 누구야?
- 맥켈 선생님

351
00:37:40,708 --> 00:37:42,332
글래스고 출신이지?

352
00:37:47,832 --> 00:37:49,415
어떻게 알았어?

353
00:37:52,456 --> 00:37:53,956
뭐?

354
00:37:57,084 --> 00:37:58,584
예쁘잖아

355
00:37:59,292 --> 00:38:01,792
글래스고 출신의 미녀잖아!
잊을 수가 없지

356
00:38:01,915 --> 00:38:03,540
세상에, 아빠 그만해!

357
00:38:04,040 --> 00:38:05,663
- 괜찮아
- 그만

358
00:38:07,084 --> 00:38:08,584
선생님 좋은 분이셔?

359
00:38:09,500 --> 00:38:12,040
지난 학기 말에
현장 학습을 했거든

360
00:38:12,163 --> 00:38:13,663
괜찮아 보였어

361
00:38:41,540 --> 00:38:43,372
<i>동전을 넣으세요</i>

362
00:38:51,584 --> 00:38:52,624
게임 중이야?

363
00:38:52,792 --> 00:38:56,084
- 아빠가 돈 가지러 갔어
- 자, 이것 봐

364
00:39:02,000 --> 00:39:03,500
10 펜스

365
00:39:05,708 --> 00:39:07,208
또 있어?

366
00:39:15,248 --> 00:39:16,872
근데, 난 마이클이야

367
00:39:18,084 --> 00:39:20,708
연습하는 게 좋을 거야, 마이클

368
00:39:21,084 --> 00:39:22,663
진짜 어렵네

369
00:39:24,832 --> 00:39:26,332
네 이름은 뭐야?

370
00:39:26,792 --> 00:39:28,292
소피

371
00:39:48,040 --> 00:39:49,540
장난해?

372
00:39:50,372 --> 00:39:51,872
일대일이다

373
00:39:52,084 --> 00:39:54,040
다 세기로 한 줄을 몰랐네

374
00:39:54,208 --> 00:39:55,708
알고 있었잖아

375
00:41:07,339 --> 00:41:08,839
거기 좋았어?

376
00:41:10,339 --> 00:41:12,380
잘 모르겠어

377
00:41:12,920 --> 00:41:15,587
기분이 좀 그래

378
00:41:17,296 --> 00:41:18,796
무슨 뜻이야?

379
00:41:19,587 --> 00:41:20,880
글쎄

380
00:41:21,087 --> 00:41:22,880
아빠는 그런 적 없어?

381
00:41:23,632 --> 00:41:27,256
정말 재미있게
하루를 보냈는데

382
00:41:27,712 --> 00:41:32,087
집에 오니
피곤하고 우울하고...

383
00:41:32,464 --> 00:41:35,256
뼈가 안 움직이는 것 같고

384
00:41:35,420 --> 00:41:38,839
뼈도 피곤하고
전부 귀찮아

385
00:41:39,212 --> 00:41:41,048
아래로 가라앉는 것 같고

386
00:41:41,380 --> 00:41:43,212
몰라, 이상해

387
00:41:47,587 --> 00:41:49,339
재미있게 놀러 왔잖아

388
00:41:52,464 --> 00:41:54,031
준비됐지?

389
00:41:56,087 --> 00:41:57,587
응!

390
00:41:58,132 --> 00:42:00,839
저녁 맛있는 거 먹고
일찍 돌아오자, 좋지?

391
00:42:00,964 --> 00:42:02,212
응

392
00:42:02,339 --> 00:42:03,839
가자

393
00:42:04,504 --> 00:42:06,004
어서

394
00:43:43,132 --> 00:43:44,880
이거 좋아?

395
00:43:46,339 --> 00:43:47,839
좋아, 진짜로

396
00:43:48,087 --> 00:43:49,587
그 아저씨가 말했는데

397
00:43:50,296 --> 00:43:52,712
카펫 하나하나 전부
다른 이야기가 있대

398
00:43:54,087 --> 00:43:58,672
상징주의, 모티브
하나하나 다른 것을 표현한대

399
00:43:59,880 --> 00:44:03,839
티...쉬...큐레찌룸
<i><font color=gray>역주: '고맙습니다'</font></i>

400
00:44:04,212 --> 00:44:06,548
- <i>테쉐큐르 에데림
- 흐흐</i>

401
00:44:06,672 --> 00:44:09,087
<i>- 테쉐큐르 에데림
- 테쉐큐르 에데림</i>

402
00:44:09,548 --> 00:44:11,004
<i>테쉐큐르 에데림</i>

403
00:44:11,212 --> 00:44:12,839
<i>테쉐큐르 에데림</i>

404
00:44:12,964 --> 00:44:14,964
- <i>테쉐큐르 에데림</i>
- 오!

405
00:44:15,087 --> 00:44:16,587
알겠지?

406
00:44:20,964 --> 00:44:22,587
이거 얼마예요?

407
00:44:23,587 --> 00:44:25,920
4500만 터키 리라입니다

408
00:44:26,048 --> 00:44:28,380
- 파운드로는 얼마죠?
- 850파운드입니다

409
00:44:28,587 --> 00:44:30,504
예, 고맙습니다

410
00:44:30,672 --> 00:44:32,172
천만에요

411
00:44:59,839 --> 00:45:01,796
당구 칠래?

412
00:45:01,964 --> 00:45:04,339
저기 있는 여자애들한테
가서 인사할래?

413
00:45:05,256 --> 00:45:08,964
얘 우리하고 당구 쳐도 돼요?
우리는 세명이에요

414
00:45:09,587 --> 00:45:12,504
- 복식 칠 거예요
- 쟤 어리다, 그지?

415
00:45:12,672 --> 00:45:14,756
응, 근데 얘보다 잘 쳐

416
00:45:15,420 --> 00:45:18,087
- 가도 돼?
- 그럼 가 봐

417
00:45:18,256 --> 00:45:20,087
1시간 뒤에 돌아오기다
알겠지?

418
00:45:20,212 --> 00:45:21,712
알았어

419
00:45:32,256 --> 00:45:34,004
쉬엄쉬엄해야지
아가씨들

420
00:45:40,132 --> 00:45:42,632
- 그게 뭐야?
- 이거 있으면 다 돼

421
00:45:42,756 --> 00:45:45,256
아무거나 마음대로
주문할 수 있어

422
00:46:14,256 --> 00:46:16,380
- 그게 다야?
- 똑같아

423
00:46:17,132 --> 00:46:18,380
이런, 이런, 이런

424
00:46:18,587 --> 00:46:21,339
- 누가 납시었나
- 너 이러기야?

425
00:46:25,504 --> 00:46:27,004
보면 안 돼

426
00:46:27,712 --> 00:46:29,212
어린이를 타락시키다니!

427
00:46:30,087 --> 00:46:31,587
보면 안 돼

428
00:46:59,712 --> 00:47:00,712
여기요

429
00:47:00,839 --> 00:47:02,712
- 고맙습니다
- 천만에요

430
00:47:24,548 --> 00:47:27,339
징그러워, 존나 어린것들이
계속 뱀짓이네

431
00:47:27,504 --> 00:47:30,380
뭐?
뱀짓은 씨발 뭔 말이야?

432
00:47:31,004 --> 00:47:32,880
왜, 그럼 넌 뭐라고 불러?

433
00:47:33,087 --> 00:47:35,212
저거? 혀놀리기

434
00:47:35,920 --> 00:47:38,087
아니, 물기

435
00:47:38,504 --> 00:47:40,756
물기! 좋다

436
00:47:51,172 --> 00:47:52,839
풀에 밀어버릴까?

437
00:47:53,380 --> 00:47:54,880
좋아

438
00:47:58,339 --> 00:47:59,964
네가 남자애 맡아
내가 여자애 맡을게

439
00:48:01,548 --> 00:48:03,048
밀면 되지?

440
00:48:08,756 --> 00:48:10,256
나도 간다!

441
00:50:37,880 --> 00:50:39,380
오케이

442
00:50:39,587 --> 00:50:42,587
여기는 우리 방입니다

443
00:50:44,632 --> 00:50:49,712
그리고 이것은
아빠의 조그마한 침대입니다

444
00:50:49,880 --> 00:50:53,004
이것은 저의
거대한 침대입니다

445
00:50:54,004 --> 00:50:55,712
음...

446
00:50:57,087 --> 00:50:58,920
잠깐, 확대는 어떻게 해?

447
00:50:59,880 --> 00:51:01,464
보자, 이리 줘 봐

448
00:51:06,756 --> 00:51:08,256
이 버튼이야, 보이지?

449
00:51:08,632 --> 00:51:11,587
세상에, 나 TV에 나왔어!
나 어때?

450
00:51:12,256 --> 00:51:14,587
좋아, 돌려줘

451
00:51:16,632 --> 00:51:18,296
오, 오, 오

452
00:51:22,880 --> 00:51:24,380
뭐야?

453
00:51:24,587 --> 00:51:26,132
세상에! 그건 또 뭐야?

454
00:51:26,256 --> 00:51:28,256
춤이지

455
00:51:29,464 --> 00:51:32,420
- 그만해, 창피해
- 창피하지 않거든

456
00:51:33,796 --> 00:51:36,296
그만하고 인터뷰하자

457
00:51:36,464 --> 00:51:38,796
그래? 무슨 인터뷰?

458
00:51:39,712 --> 00:51:41,212
글쎄

459
00:51:42,712 --> 00:51:43,920
음

460
00:51:44,132 --> 00:51:46,256
저는 이제 막
열한 살이 되었어요

461
00:51:47,256 --> 00:51:51,420
아빠는 130살입니다

462
00:51:51,920 --> 00:51:54,132
이틀 뒤에

463
00:51:54,256 --> 00:51:56,132
131살이 됩니다

464
00:51:58,380 --> 00:51:59,880
그래서...

465
00:52:01,712 --> 00:52:03,587
아빠는 열한 살 때

466
00:52:03,756 --> 00:52:06,380
지금 뭐 하고 있을 거라고
생각했나요?

467
00:52:12,880 --> 00:52:15,920
저기요, 지금 뭐 하고 있을 거라고
생각했나요?

468
00:52:16,087 --> 00:52:18,087
어서, 소피
당장 꺼, 알았지?

469
00:52:22,296 --> 00:52:23,796
알았어, 껐어

470
00:52:23,920 --> 00:52:25,632
빨간불이 켜져 있잖아

471
00:52:27,464 --> 00:52:29,632
아직 켜져 있어

472
00:52:30,796 --> 00:52:33,587
아빠 찍는 거 아냐
나 찍고 있어

473
00:52:37,712 --> 00:52:39,212
아빠...

474
00:52:43,756 --> 00:52:45,464
알았어, 녹화 안 해

475
00:52:45,632 --> 00:52:48,339
그냥 내 작은방에
녹화할게...

476
00:52:49,087 --> 00:52:50,587
내 마음의 카메라야

477
00:52:57,839 --> 00:52:58,880
좋아

478
00:52:59,004 --> 00:53:00,504
준비됐어?

479
00:53:02,464 --> 00:53:06,172
열한 번째 생일에 뭐 했어?

480
00:53:12,420 --> 00:53:13,920
내가 열한 살이었을 때

481
00:53:14,256 --> 00:53:16,632
아무도 내 생일을
기억 못 했어

482
00:53:17,756 --> 00:53:19,964
내가 엄마한테 말했을 때

483
00:53:21,132 --> 00:53:23,880
엄마는 막 화를 내면서
내 귀를 잡았지

484
00:53:24,420 --> 00:53:28,087
아빠는 장난감 가게까지 나를
태워다 주고 사고 싶은 걸 고르게 했어

485
00:53:29,380 --> 00:53:31,464
그건 좀... 깊은 이야기네

486
00:53:34,087 --> 00:53:35,587
괜찮아

487
00:53:37,712 --> 00:53:39,212
뭘 골랐어?

488
00:53:41,212 --> 00:53:43,880
장난감 전화

489
00:53:44,796 --> 00:53:46,296
빨간색이었지

490
00:53:49,212 --> 00:53:51,296
- 잘 골랐네
- 고마워

491
00:54:16,756 --> 00:54:18,256
한 모금 마실래?

492
00:54:26,132 --> 00:54:29,587
- 좋아?
- 응, 정말 맛있어!

493
00:54:51,087 --> 00:54:53,504
<i>스코틀랜드로
돌아갈 생각 없어?</i>

494
00:54:54,880 --> 00:54:56,380
<i>응</i>

495
00:54:56,632 --> 00:54:58,132
<i>왜?</i>

496
00:54:59,087 --> 00:55:00,587
<i>햇빛이 부족해</i>

497
00:55:01,296 --> 00:55:02,796
<i>웃겨</i>

498
00:55:05,796 --> 00:55:08,132
<i>그냥 지나간 일이야</i>

499
00:55:10,504 --> 00:55:12,087
<i>그런 느낌이 있어</i>

500
00:55:12,964 --> 00:55:15,964
<i>자란 곳을 한번 떠나면...</i>

501
00:55:18,839 --> 00:55:20,339
결코 다시 그곳에

502
00:55:20,712 --> 00:55:22,587
완전히 속할 수는 없다는 느낌

503
00:55:24,087 --> 00:55:25,587
절대 없어

504
00:55:27,672 --> 00:55:29,464
에든버러는 진짜...

505
00:55:33,172 --> 00:55:35,712
내가 속해 있다는
느낌을 받은 적이 없어

506
00:55:38,839 --> 00:55:40,587
나는 있는데, 그게 집이잖아

507
00:55:43,296 --> 00:55:44,796
좋아

508
00:55:46,004 --> 00:55:48,004
그렇게 느꼈다니 다행이네

509
00:55:51,132 --> 00:55:55,296
하지만 네가 어디에서 끝을 맺을지는
너도 절대 알 수 없어

510
00:55:57,380 --> 00:55:59,672
어디든지 원하는 곳에 살 수 있어

511
00:56:04,380 --> 00:56:06,087
어떤 사람이라도 될 수 있고

512
00:56:13,712 --> 00:56:15,212
넌 시간이 많아

513
00:56:35,756 --> 00:56:37,256
괜찮아

514
00:58:45,504 --> 00:58:47,048
선크림 바를 시간

515
00:58:50,380 --> 00:58:51,880
아니, 내가 할 거야

516
00:59:01,212 --> 00:59:02,712
잘 안 될걸

517
00:59:03,880 --> 00:59:05,464
도와줄게

518
00:59:07,004 --> 00:59:09,920
아니, 소피
뒤로 돌아야지

519
00:59:12,880 --> 00:59:14,380
머리카락 올리고

520
00:59:14,672 --> 00:59:16,172
좋아

521
00:59:20,920 --> 00:59:23,632
오늘 뭐라도 해야지?
하루 잘 보내야지

522
00:59:23,796 --> 00:59:25,296
뭐 할까?

523
00:59:25,712 --> 00:59:27,212
수구?

524
00:59:28,132 --> 00:59:29,712
수영 잘 못해

525
00:59:30,296 --> 00:59:32,504
넌 선수야, 소피, 맞잖아

526
00:59:33,087 --> 00:59:34,587
하자

527
00:59:34,964 --> 00:59:37,587
이제 며칠밖에 안 남았어
재미있을 거야

528
00:59:39,756 --> 00:59:41,256
일어나

529
00:59:43,212 --> 00:59:44,712
일어나! 일어나! 일어나!

530
00:59:46,172 --> 00:59:47,672
수영하러 가자

531
01:00:02,208 --> 01:00:03,915
손 올려, 손 올려!

532
01:00:04,084 --> 01:00:06,084
소피! 소피!

533
01:00:39,124 --> 01:00:40,792
한 잔 더 주세요

534
01:00:41,163 --> 01:00:42,663
고맙습니다

535
01:00:49,163 --> 01:00:51,500
비키니는 왜 입었어?

536
01:00:52,500 --> 01:00:54,000
몰라

537
01:01:12,956 --> 01:01:14,624
내일 기대되지?

538
01:01:19,915 --> 01:01:21,415
응

539
01:01:37,415 --> 01:01:39,208
다들 재미있었나요, 여러분?

540
01:01:39,332 --> 01:01:41,040
- 예!
- 소피는 재미있었대요

541
01:01:41,163 --> 01:01:43,872
캘럼과 소피에게 박수!

542
01:01:45,663 --> 01:01:47,183
신청한 건 아니지?

543
01:01:47,248 --> 01:01:50,208
했어! 다섯 살 때부터
휴가 때마다 했잖아

544
01:01:50,415 --> 01:01:52,084
이제 나이도 좀 먹었잖아

545
01:01:52,248 --> 01:01:54,292
뭐? 저 여자분들은
50살은 먹었겠다

546
01:01:54,456 --> 01:01:57,248
그냥 있자, 금방 넘어갈 거야
아빠는 노래할 기분 아냐

547
01:01:57,456 --> 01:01:59,500
우리 노래 들으려고 기다리잖아

548
01:02:00,832 --> 01:02:02,415
재미있게 놀기로 했잖아

549
01:02:02,540 --> 01:02:04,332
소피, 나 안 해, 알았지?

550
01:02:12,163 --> 01:02:13,663
어서 오세요

551
01:04:11,332 --> 01:04:13,456
소피에게 큰 박수!

552
01:04:16,084 --> 01:04:19,500
어서 오세요, 여기 있어요

553
01:04:25,292 --> 01:04:28,584
원하면 노래 레슨을 받게 해 줄게

554
01:04:29,792 --> 01:04:31,540
왜, 내가 노래 못해서?

555
01:04:31,663 --> 01:04:34,163
그냥 누구든 뭔가를
배울 수 있다는 뜻이었어

556
01:04:35,292 --> 01:04:38,163
- 그거 좀 그만해
- 뭘 그만해?

557
01:04:38,248 --> 01:04:42,000
돈도 없으면서
뭐 해주겠다고 하는 거

558
01:04:57,292 --> 01:04:58,792
자, 가자

559
01:04:59,163 --> 01:05:00,956
빨리 끝내고 가자

560
01:05:01,084 --> 01:05:02,872
싫어, 더 있다가

561
01:05:07,163 --> 01:05:08,663
그럼 위층에서 보자

562
01:05:10,000 --> 01:05:11,500
소피?

563
01:05:13,456 --> 01:05:14,956
너무 늦으면 안 돼

564
01:05:20,208 --> 01:05:21,248
받아

565
01:05:21,372 --> 01:05:23,163
알았어, 토비, 진정해

566
01:05:27,000 --> 01:05:29,956
진짜야, 너무 많이 마셨어

567
01:05:30,084 --> 01:05:31,956
- 많이 안 마셨어...
- 마셨어!

568
01:05:33,000 --> 01:05:34,748
딱 몇 잔만

569
01:05:34,915 --> 01:05:36,832
아니, 진심이야

570
01:05:48,332 --> 01:05:50,456
아빠 찾는 거 도와줄까?

571
01:05:51,584 --> 01:05:53,540
- 아니
- 알았어

572
01:06:42,792 --> 01:06:44,415
물 좀 주세요?

573
01:06:53,084 --> 01:06:54,624
괜찮아?

574
01:06:55,456 --> 01:06:56,956
빈둥대고 있어요

575
01:06:59,624 --> 01:07:01,124
여기

576
01:07:09,163 --> 01:07:11,000
남자애들 바보 같지

577
01:07:13,872 --> 01:07:15,372
됐다!

578
01:07:16,540 --> 01:07:18,415
어차피 내일 갈 거니까...

579
01:07:18,956 --> 01:07:20,956
넌 며칠 더 있을 거지, 그지?

580
01:07:21,084 --> 01:07:22,584
예

581
01:07:23,000 --> 01:07:25,332
이제 전부 사용할 수 있어

582
01:07:27,415 --> 01:07:29,163
- 고마워요
- 뭘, 괜찮아

583
01:07:30,456 --> 01:07:31,956
또 봐

584
01:07:33,292 --> 01:07:34,832
뭐 좀 드릴까요?

585
01:07:34,956 --> 01:07:38,163
환타 레몬 주세요
저 이거 있어요

586
01:07:47,748 --> 01:07:49,372
<i>신사 숙녀 여러분</i>

587
01:07:49,500 --> 01:07:52,084
<i>환상적이고 멋지고 놀라운 외팔이</i>

588
01:07:52,292 --> 01:07:54,792
<i>캘럼 에런 패터슨</i>

589
01:07:55,540 --> 01:07:57,500
<i>기대하세요</i>

590
01:07:58,000 --> 01:08:00,663
<i>이브닝 엔터테인먼트</i>

591
01:08:01,624 --> 01:08:03,124
<i>그리고...</i>

592
01:08:04,084 --> 01:08:05,584
<i>보자</i>

593
01:08:06,163 --> 01:08:07,663
<i>토레몰리노!</i>

594
01:08:08,500 --> 01:08:10,000
<i>괜찮아, 소피?</i>

595
01:08:55,416 --> 01:08:58,040
- 아이 씨, 왜 그랬어?
- 미안

596
01:09:01,624 --> 01:09:04,456
- 미안, 장난으로 그랬어
- 바보!

597
01:09:04,792 --> 01:09:05,956
어디 가?

598
01:09:06,084 --> 01:09:10,248
집에 가야 하는데 길을 잃었어
밤에는 다 똑같아 보여

599
01:09:10,416 --> 01:09:12,292
우리랑 같이 놀래?

600
01:09:12,416 --> 01:09:14,248
- 뭐하는데?
- 마이클!

601
01:09:14,372 --> 01:09:15,872
빨리 와!

602
01:09:48,208 --> 01:09:50,708
여기 또 수영장이 있는지 몰랐어

603
01:09:51,416 --> 01:09:52,916
응, 낮에는 조용해

604
01:09:53,208 --> 01:09:55,872
수영을 잘 못해서
나는 여기가 좋아

605
01:09:56,624 --> 01:09:59,372
나도 잘 못해
아직 잠수도 못 해

606
01:10:02,456 --> 01:10:03,708
근데

607
01:10:03,956 --> 01:10:06,456
난 네가 꽤 좋아

608
01:10:07,999 --> 01:10:09,499
너 나 좋아하니?

609
01:10:11,664 --> 01:10:13,164
응

610
01:13:32,916 --> 01:13:34,416
여자분!

611
01:14:10,248 --> 01:14:12,664
- 잘 자요
- 잘 자요

612
01:15:50,500 --> 01:15:52,040
헤이

613
01:15:52,248 --> 01:15:53,748
괜찮아?

614
01:15:54,540 --> 01:15:56,084
응

615
01:16:12,708 --> 01:16:14,624
생일 축하해, 소피

616
01:16:19,956 --> 01:16:21,540
내가 재울게

617
01:16:49,372 --> 01:16:51,832
- 안녕하세요?
- <i>모닝콜입니다</i>

618
01:16:51,956 --> 01:16:55,000
- 예, 고맙습니다
- <i>20분 뒤에 오늘 여행 출발합니다</i>

619
01:16:55,708 --> 01:16:57,208
고맙습니다

620
01:17:08,584 --> 01:17:09,792
소피!

621
01:17:10,084 --> 01:17:12,416
소피, 일어나자

622
01:18:01,872 --> 01:18:03,372
조심해 그거

623
01:18:04,372 --> 01:18:07,416
안경다리 제대로 안 껴서
죽은 사람도 있어

624
01:18:07,584 --> 01:18:10,708
코 통과해서 뇌를 뚫었어

625
01:18:11,292 --> 01:18:13,084
- 거짓말이야
- 진짜야

626
01:18:35,872 --> 01:18:37,372
생일 축하해, 아빠

627
01:18:46,208 --> 01:18:47,708
고마워, 우리 딸

628
01:19:10,832 --> 01:19:12,416
좋아

629
01:19:24,208 --> 01:19:25,708
아빠 따라 하는 거야?

630
01:19:29,664 --> 01:19:31,292
잘났어 정말

631
01:19:34,372 --> 01:19:35,872
주목!

632
01:19:47,664 --> 01:19:50,872
- 오, 이거 할 거야?
- 그래, 속았지!

633
01:20:01,500 --> 01:20:03,792
- 그래도 따라 할 거야
- 알아

634
01:20:04,456 --> 01:20:07,248
- 정확히
- 이제 이거 따라 해 봐

635
01:20:17,456 --> 01:20:18,956
숨 쉬고

636
01:20:25,916 --> 01:20:27,664
- 보고 있니?
- 응

637
01:20:27,832 --> 01:20:29,540
발 붙이고, 위로

638
01:20:37,416 --> 01:20:38,916
위로...

639
01:20:40,084 --> 01:20:41,584
그리고 아래로

640
01:20:42,292 --> 01:20:43,792
위로

641
01:20:44,248 --> 01:20:45,708
그리고...

642
01:20:45,832 --> 01:20:48,040
아래로
이제 눈 감고 해 봐

643
01:20:48,540 --> 01:20:50,332
그리고 호흡에 집중해

644
01:21:05,292 --> 01:21:07,416
유황 냄새 정말 심해!

645
01:21:12,040 --> 01:21:14,792
- 무슨 냄새야?
- 이거 하러 왔잖아

646
01:21:17,748 --> 01:21:19,872
클레오파트라도 했대...

647
01:21:21,708 --> 01:21:26,208
대단해, 클레오파트라가
바로 여기 왔다니

648
01:21:30,164 --> 01:21:31,664
그래

649
01:21:31,872 --> 01:21:35,040
클레오파트라가
뱀에 물려 죽기 전에

650
01:21:36,000 --> 01:21:38,372
근데 그거 자살한 거래

651
01:21:38,872 --> 01:21:41,792
진짜 뱀 때문인 지는 몰라
아무도 뱀은 찾지 못했대

652
01:21:41,956 --> 01:21:44,916
- 바늘 때문 일거야
- 어떻게 알았어?

653
01:21:45,084 --> 01:21:47,416
지난 학기에 이집트 좀 배웠어

654
01:22:06,248 --> 01:22:07,956
어깨에 그거 뭐야?

655
01:22:10,624 --> 01:22:12,124
잘 모르겠어

656
01:22:17,040 --> 01:22:19,040
소피 침대에서
맛이 간 거 미안해

657
01:22:20,000 --> 01:22:21,364
괜찮아

658
01:22:21,500 --> 01:22:23,084
그런데 열쇠가 없었어

659
01:22:23,540 --> 01:22:26,164
- 어떻게 들어왔어?
- 리셉션

660
01:22:34,000 --> 01:22:36,164
정말 미안해, 소피
어제는...

661
01:22:37,540 --> 01:22:39,292
괜찮아, 별거 아니야

662
01:22:39,584 --> 01:22:41,084
그렇지 않아
작은 일이 아냐

663
01:22:44,084 --> 01:22:45,624
미안해, 알았지?

664
01:22:59,748 --> 01:23:01,248
미안해, 알았지?

665
01:23:04,416 --> 01:23:06,332
고마워

666
01:23:08,832 --> 01:23:10,624
소피 팔에는 아무것도 없네

667
01:23:10,872 --> 01:23:12,748
- 아까 했어
- 아니, 안 했어

668
01:23:13,540 --> 01:23:15,040
이제 한다

669
01:23:15,292 --> 01:23:17,292
- 등 좀 봐
- 내 등?

670
01:23:17,416 --> 01:23:18,916
응

671
01:23:19,372 --> 01:23:22,584
좋아, 등이 커서
큰 덩어리로 해야지

672
01:23:29,872 --> 01:23:31,708
어깨 조심

673
01:23:31,872 --> 01:23:32,956
괜찮아

674
01:23:33,084 --> 01:23:34,584
미안!

675
01:23:46,916 --> 01:23:48,584
<i>어젯밤 좋았어?</i>

676
01:23:51,916 --> 01:23:53,416
<i>응</i>

677
01:23:55,292 --> 01:23:56,792
<i>남자 애가...</i>

678
01:23:57,040 --> 01:23:58,540
<i>마이클...</i>

679
01:23:59,084 --> 01:24:01,416
<i>오토바이 게임에서 만났는데</i>

680
01:24:02,456 --> 01:24:03,456
<i>응</i>

681
01:24:03,500 --> 01:24:06,584
<i>어젯밤에 같이 키스했어
마이클이 나한테 키스하고</i>

682
01:24:07,000 --> 01:24:08,708
<i>그다음 같이 키스했어</i>

683
01:24:12,208 --> 01:24:13,708
<i>같은 또래지?</i>

684
01:24:14,248 --> 01:24:15,748
<i>응</i>

685
01:24:18,084 --> 01:24:20,040
<i>좋아, 문제없어
그지?</i>

686
01:24:21,084 --> 01:24:22,584
<i>걔 뺨에 뾰루지 있지?</i>

687
01:24:23,040 --> 01:24:24,084
<i>음...</i>

688
01:24:24,292 --> 01:24:26,084
<i>응, 근데 사실은 없어</i>

689
01:24:26,208 --> 01:24:27,708
<i>알았어</i>

690
01:24:33,084 --> 01:24:35,764
<i>아빠한테는 뭐든
이야기해도 돼</i>

691
01:24:36,664 --> 01:24:38,372
소피도 나이 먹으면

692
01:24:40,832 --> 01:24:42,748
파티에 가고

693
01:24:45,584 --> 01:24:48,500
남자애들 만나고
마약도 하고

694
01:24:48,624 --> 01:24:50,872
- 아빠!
- 아니, 진심이야, 소피

695
01:24:51,372 --> 01:24:55,040
아빠도 다 했는데 소피도 할 수 있어
아빠한테 전부다 이야기하겠다고 약속해

696
01:24:55,164 --> 01:24:57,584
좋아, 하지만 난 절대
그런 짓은 하지 않을 거야

697
01:24:57,748 --> 01:24:59,248
그것도 좋아

698
01:25:00,540 --> 01:25:02,500
그래도 하게 되면
기억해, 알겠지?

699
01:25:28,288 --> 01:25:30,828
우리 아빠 생일 축하노래
셋을 세고 같이 해요

700
01:25:50,456 --> 01:25:52,412
3, 2, 1!

701
01:27:06,800 --> 01:27:11,956
<i>소피,
정말 사랑해
절대 잊지마
아빠가<i>

702
01:28:05,248 --> 01:28:08,080
- 아빠 것도 살 걸
- 맛만 볼 거야

703
01:28:08,248 --> 01:28:10,872
절반이나 퍼갔으면서

704
01:28:12,120 --> 01:28:13,672
사진 찍을래요?

705
01:28:13,704 --> 01:28:15,956
- 얼마죠?
- 50,000리라

706
01:28:16,372 --> 01:28:17,872
좋아요

707
01:28:24,328 --> 01:28:25,828
준비됐지?

708
01:28:31,412 --> 01:28:33,748
<i>- 고맙습니다
- 천만에요</i>

709
01:28:50,828 --> 01:28:52,620
휴가 좋았어?

710
01:28:52,996 --> 01:28:54,496
최고야

711
01:28:55,540 --> 01:28:57,664
더 머물렀으면 좋겠는데

712
01:29:00,540 --> 01:29:02,040
나도

713
01:29:04,540 --> 01:29:06,040
뭐?

714
01:29:06,496 --> 01:29:08,120
내 말은, 왜 안 되냐고

715
01:29:08,540 --> 01:29:10,040
무슨 뜻이야?

716
01:29:10,328 --> 01:29:13,828
그냥 여기서 지내면
안 되냐고

717
01:29:19,996 --> 01:29:22,372
평생을 호텔에서
살 수는 없다, 이거지!

718
01:29:22,496 --> 01:29:24,496
그래

719
01:29:28,496 --> 01:29:31,288
- 과자 먹어
- 아, 고마워!

720
01:29:34,748 --> 01:29:36,496
한 입에 먹어야지

721
01:29:40,996 --> 01:29:42,496
더 빨리!

722
01:29:48,664 --> 01:29:50,372
마지막 밤, 댄스 타임

723
01:29:50,956 --> 01:29:52,748
- 난 춤 안 춰
- 소피!

724
01:29:52,912 --> 01:29:54,788
절대 절대 안 출거야

725
01:29:56,120 --> 01:29:59,496
소피가 있건 없건 아빠는 춤을 추지
아빠는 춤을 사랑해

726
01:30:00,328 --> 01:30:03,956
- 아빠 그만해, 정말 창피해
- 이게 창피해?

727
01:30:26,080 --> 01:30:27,580
어서!

728
01:30:28,048 --> 01:30:30,048
- 준비가 됐어?
- 그만...

729
01:30:31,372 --> 01:30:32,872
그만!

730
01:32:40,996 --> 01:32:42,620
<i>- 안녕
- 사랑해</i>

731
01:32:42,748 --> 01:32:44,828
<i>- 조심하고
- 바이 바이</i>

732
01:32:46,996 --> 01:32:48,704
<i>엄마한테 안부 전해</i>

733
01:32:50,120 --> 01:32:51,620
<i>베이비시터
나 이제 필요 없어</i>

734
01:33:28,204 --> 01:33:29,288
<i>사랑해</i>

735
01:33:29,412 --> 01:33:30,912
<i>사랑해</i>

736
01:33:32,372 --> 01:33:33,872
<i>안녕</i>

737
01:35:22,272 --> 01:35:27,272
자막 번역: 9beach@gmail.com
