1
00:01:32,476 --> 00:01:35,726
<i>우-우</i>

2
00:01:40,974 --> 00:01:43,396
<i>뭐야?</i>

3
00:01:43,582 --> 00:01:48,200
<i>- 세상에! 그건 또 뭐야?
- 춤이지</i>

4
00:01:51,014 --> 00:01:56,030
<i>- 그만해, 창피해
- 창피하지 않거든</i>

5
00:01:57,636 --> 00:02:01,580
<i>그만하고 인터뷰하자</i>

6
00:02:01,850 --> 00:02:05,800
<i>그래? 무슨 인터뷰?</i>

7
00:02:06,731 --> 00:02:09,249
<i>글쎄</i>

8
00:02:11,420 --> 00:02:17,105
<i>저는 이제 막
열한 살이 되었어요</i>

9
00:02:18,441 --> 00:02:24,864
<i>아빠는 130살입니다</i>

10
00:02:25,539 --> 00:02:31,962
<i>이틀 뒤에 131살이 됩니다</i>

11
00:02:35,437 --> 00:02:38,982
<i>그래서...</i>

12
00:02:40,723 --> 00:02:43,537
<i>아빠는 열한 살 때</i>

13
00:02:43,800 --> 00:02:47,146
<i>지금 뭐 하고 있을 거라고
생각했나요?</i>

14
00:03:50,646 --> 00:03:52,252
<i>사랑해</i>

15
00:03:52,516 --> 00:03:54,924
<i>사랑해</i>

16
00:03:57,134 --> 00:03:59,742
<i>안녕</i>

17
00:04:49,592 --> 00:04:52,335
안녕하세요, 여러분
저는 벨린다예요

18
00:04:52,932 --> 00:04:57,153
앞으로 한두 주
제가 가이드를 맡습니다

19
00:04:57,352 --> 00:05:02,972
저는 이제 막 여기 왔습니다
이전에 있던 곳은 토레몰...

20
00:05:06,453 --> 00:05:09,459
토레몰리노!

21
00:05:12,877 --> 00:05:15,350
좋아요, 저는...

22
00:05:15,619 --> 00:05:22,306
터키에서 여러분을 모시겠습니다
앞으로 일곱 군데 정차합니다...

23
00:05:22,576 --> 00:05:25,518
저는 벨린다예요

24
00:05:27,798 --> 00:05:31,009
그리고 이제 막...

25
00:05:31,941 --> 00:05:35,087
토레몰리노에서 왔습니다!

26
00:05:38,364 --> 00:05:41,646
토...레...몰...리...노!

27
00:05:43,252 --> 00:05:46,393
토레몰리노...

28
00:08:18,476 --> 00:08:21,090
딴 데 가지 마
귀염둥이, 알았지?

29
00:08:21,289 --> 00:08:24,501
알았어

30
00:08:31,393 --> 00:08:33,937
난 괜찮아

31
00:09:34,019 --> 00:09:36,871
누가 와

32
00:09:39,640 --> 00:09:41,644
졸려?

33
00:09:42,183 --> 00:09:44,592
아니

34
00:10:03,791 --> 00:10:06,200
안녕하세요?

35
00:10:07,941 --> 00:10:10,953
501호입니다

36
00:10:18,109 --> 00:10:20,517
예, 우리예요

37
00:10:22,592 --> 00:10:30,287
예, 침대 두 개 있는 방을
예약했는데 하나밖에 없네요

38
00:10:42,870 --> 00:10:50,295
<i>결제했고 여행사에 확인했어요</i>

39
00:11:01,003 --> 00:11:02,737
<i>해줄 수 있는 게
그게 다죠?</i>

40
00:11:02,943 --> 00:11:06,887
밑에 숨어, 간다

41
00:11:07,156 --> 00:11:10,034
<i>그건 꼭 해주세요</i>

42
00:11:15,789 --> 00:11:18,198
<i>알겠어요, 고마워요</i>

43
00:11:19,804 --> 00:11:22,212
<i>예, 끊어요</i>

44
00:11:23,683 --> 00:11:26,291
잘 자

45
00:16:46,451 --> 00:16:50,664
디지털 비디오 엔터테인먼트

46
00:16:50,934 --> 00:16:54,878
빠뜨리지 마, 소피
비싼 거야

47
00:17:09,465 --> 00:17:12,073
호텔 일은 미안해

48
00:17:12,747 --> 00:17:15,554
클라이브는 여기서
재미있게 지냈대

49
00:17:24,990 --> 00:17:30,276
- 집에 별일 없지?
- 무슨 말이야?

50
00:17:30,540 --> 00:17:34,959
엄마하고 잘 지내냐고

51
00:17:35,229 --> 00:17:38,305
응, 잘 지내

52
00:17:39,841 --> 00:17:42,249
좋아

53
00:17:43,187 --> 00:17:45,596
다행이네

54
00:17:46,334 --> 00:17:49,340
왜? 엄마가 무슨 말을 했어?

55
00:17:49,610 --> 00:17:52,019
아무 말도 안 했어

56
00:17:52,758 --> 00:17:57,241
지난번에 봤을 때
별로 좋지 않다며

57
00:17:59,984 --> 00:18:03,330
전화로는 길게
물어보기가 그래서

58
00:18:05,065 --> 00:18:09,619
응, 그래
많이 나아졌어

59
00:18:21,592 --> 00:18:24,739
가서 인사해봐

60
00:18:27,077 --> 00:18:30,289
아빠, 싫어, 꼬마잖아

61
00:18:34,438 --> 00:18:38,992
아빠가 인사하지 그래?

62
00:18:40,264 --> 00:18:43,135
소피, 너무 늙었잖아

63
00:19:03,009 --> 00:19:09,631
<i>물체에 살짝 올려놓으면
빛이 들어옵니다</i>

64
00:19:10,704 --> 00:19:13,690
<i>꽤 멋져요</i>

65
00:19:29,838 --> 00:19:35,529
<i>- 진짜 큰 아이스크림을 먹을래?
- 응, 내 머리보다 커</i>

66
00:19:35,728 --> 00:19:39,473
<i>그건 불가능해
소피 머리는 너무 커</i>

67
00:19:41,683 --> 00:19:44,156
<i>- 말 다했어?
- 뭐?</i>

68
00:19:44,361 --> 00:19:48,710
<i>- 좀 예의 없네
- 아냐, 명백한 사실이야</i>

69
00:19:49,776 --> 00:19:52,390
<i>네 머리가 나보다 더 커</i>

70
00:19:52,988 --> 00:19:59,148
<i>동의할 수 없어
얼마나 큰 지 봐</i>

71
00:20:03,894 --> 00:20:07,575
<i>아빠 머리가 더 커</i>

72
00:21:02,911 --> 00:21:05,589
<i>엄마한테 인사해야지</i>

73
00:21:06,925 --> 00:21:09,334
<i>그게 다야?</i>

74
00:21:10,336 --> 00:21:13,683
<i>- 사랑해
- 보고 싶다네</i>

75
00:21:13,952 --> 00:21:18,095
<i>- 보고 싶어!
- 그다음?</i>

76
00:21:18,365 --> 00:21:23,652
<i>- 안녕
- 그다음?</i>

77
00:21:23,851 --> 00:21:27,936
<i>그리고 아빠는 대단해</i>

78
00:21:28,199 --> 00:21:32,818
<i>- 왜 대단해?
- 왜냐하면 아빠는 너무...</i>

79
00:23:24,755 --> 00:23:27,832
어, 뭐래?

80
00:23:31,647 --> 00:23:37,068
집에 가면 하려고
화요일까지 수업 안 해

81
00:23:37,871 --> 00:23:40,280
괜찮아

82
00:23:43,087 --> 00:23:47,506
응, 좋아
사실 원래 묵기로 한 호텔이 아냐

83
00:23:47,776 --> 00:23:51,990
그런데 숙소에 전화가 없어

84
00:23:53,396 --> 00:23:57,944
아빠?
잘 있어

85
00:23:58,811 --> 00:24:03,963
세상에, 아빠가 이상하게
닌자 흉내를 내고 있어

86
00:24:04,168 --> 00:24:07,444
아빠는 가끔 왜 저래?

87
00:24:09,454 --> 00:24:12,486
그래도, 아빠는 좋아 보여

88
00:24:15,672 --> 00:24:19,019
알겠어
사랑해, 안녕

89
00:24:24,639 --> 00:24:26,849
엄마가 바꿔달래

90
00:24:27,118 --> 00:24:30,593
- 뭐?
- 엄마가 바꿔달래

91
00:24:30,863 --> 00:24:33,310
알았어

92
00:24:38,821 --> 00:24:41,230
고마워, 귀염둥이

93
00:24:42,907 --> 00:24:45,392
안녕

94
00:24:48,527 --> 00:24:51,135
나 찾았다며

95
00:24:53,274 --> 00:24:57,224
그래서, 할 거야?

96
00:24:57,494 --> 00:24:59,941
무슨 뜻이야?

97
00:25:01,707 --> 00:25:03,313
조지랑 할 거냐고

98
00:25:04,052 --> 00:25:07,058
조지가 셉한테...

99
00:25:07,263 --> 00:25:09,672
너랑 같이 하고 싶다고

100
00:25:10,135 --> 00:25:12,543
셉한테 그랬을 리가 없어

101
00:25:13,147 --> 00:25:15,755
어젯밤 집에 가는 길에

102
00:25:16,693 --> 00:25:19,101
케니한테 줬는데...

103
00:25:19,770 --> 00:25:23,855
저쪽 수영장 뒤에 수풀에 진짜로

104
00:25:25,660 --> 00:25:29,070
그래서?

105
00:25:30,811 --> 00:25:32,417
무슨 뜻이야?

106
00:25:32,552 --> 00:25:34,562
걔가 왔어?

107
00:25:34,960 --> 00:25:38,307
그래... 정말

108
00:25:44,794 --> 00:25:48,006
가끔은 머리를 뒤로 넘겨봐

109
00:25:48,276 --> 00:25:51,487
뒤로 넘기니까 정말 예쁘네

110
00:25:59,516 --> 00:26:04,732
- 쟤 우리 이야기 들은 것 같지?
- 상관없어, 아홉 살이나 될까

111
00:26:47,023 --> 00:26:49,579
잘 됐네

112
00:26:53,510 --> 00:26:56,054
정말 좋아

113
00:27:02,477 --> 00:27:04,886
그래, 사랑해

114
00:27:06,825 --> 00:27:08,836
그래, 그래

115
00:27:09,035 --> 00:27:11,553
응, 그럴게

116
00:27:15,657 --> 00:27:18,082
안녕

117
00:27:19,743 --> 00:27:22,151
어이

118
00:27:29,243 --> 00:27:31,112
할 줄 알아?

119
00:27:31,317 --> 00:27:34,728
- 이게 스타트 버튼이야
- 알아

120
00:27:43,489 --> 00:27:46,168
<i>엔진을 스타트하세요</i>

121
00:29:06,728 --> 00:29:10,408
- 한 판 더 할래?
- 그만 가자

122
00:29:13,954 --> 00:29:17,031
- 안녕
- 안녕

123
00:29:18,367 --> 00:29:20,776
받아

124
00:29:21,848 --> 00:29:24,308
준비됐어?

125
00:29:44,130 --> 00:29:47,740
자, 하자

126
00:29:58,512 --> 00:30:00,786
- 괜찮죠?
- 예

127
00:30:01,056 --> 00:30:03,933
마지막 판입니다

128
00:30:04,601 --> 00:30:07,196
복식 어때요?

129
00:30:08,815 --> 00:30:10,626
예, 좋아요

130
00:30:11,159 --> 00:30:14,705
큐 받침대로 석고 붕대를
쓸 건 아니죠?

131
00:30:14,975 --> 00:30:20,730
원래 오른손잡이예요
애랑 편먹었으니 걱정 마세요

132
00:30:20,993 --> 00:30:22,869
편하게 칩시다

133
00:30:23,139 --> 00:30:26,549
- 브레이크 샷 네가 칠래...?
- 응

134
00:30:33,576 --> 00:30:35,985
좋아

135
00:30:36,852 --> 00:30:39,274
잘했어

136
00:30:44,213 --> 00:30:48,157
- 동생 이름이 뭐예요?
- 소피

137
00:30:48,427 --> 00:30:54,118
- 아, 예
- 사실 딸입니다

138
00:30:55,724 --> 00:30:59,398
- 미안합니다, 저는 그냥...
- 괜찮아요

139
00:31:04,819 --> 00:31:08,300
- 호텔 좋죠?
- 네, 괜찮아요

140
00:31:08,570 --> 00:31:11,242
우리는 길 건너에 묵어요

141
00:31:11,512 --> 00:31:14,319
거의 공사판이에요

142
00:31:18,873 --> 00:31:21,282
올리!

143
00:31:22,753 --> 00:31:25,495
이런 씨발
소피, 잘 치네

144
00:31:25,765 --> 00:31:28,328
욕하지 마

145
00:31:30,043 --> 00:31:32,452
- 아, 미안해요
- 괜찮아요

146
00:31:32,657 --> 00:31:35,066
잘했어

147
00:31:41,688 --> 00:31:44,630
내 차례야, 보고 있어?

148
00:32:05,949 --> 00:32:09,424
- 됐어, 따라와!
- 싫어!

149
00:32:09,629 --> 00:32:13,573
또 이렇게 다들 힘들게 할 거야?

150
00:32:21,673 --> 00:32:23,407
비틀어

151
00:32:23,613 --> 00:32:28,225
아니, 버텨...
안 놔준다, 다시 해

152
00:32:28,764 --> 00:32:31,436
아니, 그냥 밀고 있잖아

153
00:32:32,239 --> 00:32:35,187
여기 봐, 비틀어야지

154
00:32:35,387 --> 00:32:39,799
여기처럼
괜찮아? 다시

155
00:32:41,675 --> 00:32:44,219
내 손목 잡아 봐

156
00:32:47,295 --> 00:32:49,235
알겠어

157
00:32:49,704 --> 00:32:53,918
얇은 부분이 일렬로
손가락까지 이어져

158
00:32:54,123 --> 00:32:56,660
- 보고 있어?
- 응

159
00:32:58,472 --> 00:33:02,820
- 그런 다음 최대한 세게 당겨
- 아야!

160
00:33:03,019 --> 00:33:05,698
지금 심각해, 소피

161
00:33:07,439 --> 00:33:10,984
봐봐, 이거 익혀야 돼

162
00:33:18,409 --> 00:33:20,818
해 봐

163
00:33:21,152 --> 00:33:22,822
아니

164
00:33:23,028 --> 00:33:26,104
당기고 있잖아
비틀라니까

165
00:33:28,442 --> 00:33:31,654
- 다시, 손목 잡아
- 못 비틀겠어

166
00:33:33,465 --> 00:33:37,146
손가락으로 연결되는
얇은 부분

167
00:33:37,814 --> 00:33:41,828
알겠지? 그리고 최대한 세게 당겨

168
00:33:44,102 --> 00:33:46,781
나 심각해, 소피

169
00:33:47,314 --> 00:33:49,858
이거 익혀야 돼, 알았지?

170
00:33:51,463 --> 00:33:53,936
그래야 자신을 지키지

171
00:33:57,752 --> 00:34:01,233
만약에 누가 널 공격하면...

172
00:34:03,436 --> 00:34:06,648
풀고 도망갈 수 있어야지

173
00:34:08,254 --> 00:34:14,748
손목 잡지 않고
공격하면 어떻게 해?

174
00:35:06,268 --> 00:35:10,681
<i>우리가 같은 하늘 아래 있어서
좋은 거 같아</i>

175
00:35:15,768 --> 00:35:18,177
무슨 뜻이야?

176
00:35:18,710 --> 00:35:20,984
음, 그건

177
00:35:21,254 --> 00:35:25,467
가끔 노는 시간에
하늘을 올려다봐

178
00:35:26,675 --> 00:35:29,951
<i>그때 태양을 볼 수 있으면</i>

179
00:35:30,150 --> 00:35:33,695
<i>우리 둘 다 같은 태양을
볼 수 있으니</i>

180
00:35:34,299 --> 00:35:38,783
<i>실제로 같은 장소에
있지 않아도</i>

181
00:35:39,052 --> 00:35:42,662
<i>옆에 있지 않아도</i>

182
00:35:43,664 --> 00:35:46,677
<i>어떤 면에서</i>

183
00:35:49,824 --> 00:35:54,571
<i>우리 둘 다</i>

184
00:35:55,708 --> 00:35:59,189
<i>같은 하늘 아래 있어, 그래서...</i>

185
00:36:02,401 --> 00:36:05,009
<i>같이 있는 셈이지</i>

186
00:36:13,507 --> 00:36:15,112
머리 밑에

187
00:36:15,318 --> 00:36:16,988
2...

188
00:36:17,187 --> 00:36:19,198
3...

189
00:36:19,397 --> 00:36:21,003
4...

190
00:36:21,202 --> 00:36:22,807
4.5...

191
00:36:22,942 --> 00:36:25,351
그만!

192
00:36:35,185 --> 00:36:37,594
우리도 저거 하자

193
00:36:43,818 --> 00:36:46,361
뭐?

194
00:36:51,179 --> 00:36:53,986
너무 어려서 안돼, 귀염둥이

195
00:37:44,305 --> 00:37:47,517
<i>신사 숙녀 여러분</i>

196
00:37:47,716 --> 00:37:52,334
<i>환상적이고 멋지고 놀라운 외팔이</i>

197
00:37:52,598 --> 00:37:56,278
<i>캘럼 에런 패터슨</i>

198
00:37:57,749 --> 00:38:00,498
<i>기대하세요</i>

199
00:38:01,430 --> 00:38:05,849
<i>이브닝 엔터테인먼트</i>

200
00:38:07,519 --> 00:38:09,928
<i>그리고...</i>

201
00:38:11,604 --> 00:38:14,013
<i>보자</i>

202
00:38:14,951 --> 00:38:17,359
<i>토레몰리노!</i>

203
00:38:18,625 --> 00:38:21,033
<i>괜찮아, 소피?</i>

204
00:38:43,650 --> 00:38:46,129
클레어 아줌마 이야기는 안 해?

205
00:38:54,087 --> 00:38:57,704
처음 만났을 때 클레어한테
남자 친구 있던 거 기억나지?

206
00:38:58,641 --> 00:39:01,114
응

207
00:39:01,583 --> 00:39:04,024
누구 전화냐고 물으니, 아빠가

208
00:39:04,191 --> 00:39:09,882
"좋아하는 여자, 그런데 이미
누구랑 같이 있어" 그랬지

209
00:39:10,280 --> 00:39:13,293
그래, 근데
그 둘이 다시 만나

210
00:39:15,702 --> 00:39:19,311
- 난 클레어 아줌마가 좋았어
- 응, 아빠도

211
00:39:19,517 --> 00:39:23,197
그럼 카페를
열지 않겠다는 말이네?

212
00:39:23,397 --> 00:39:25,805
그 카페?

213
00:39:27,006 --> 00:39:31,092
응, 이제 안 해, 근데...

214
00:39:32,293 --> 00:39:35,909
키스랑 새로운 일을 시작했어

215
00:39:37,515 --> 00:39:39,924
뭔데?

216
00:39:40,457 --> 00:39:45,004
사실은 아직 준비 단계야

217
00:39:45,608 --> 00:39:51,094
런던 외곽에 집을 임대해서
일하려고 생각 중이야

218
00:39:51,299 --> 00:39:55,044
너 오면 묵을 방도 줄게

219
00:39:56,849 --> 00:39:59,861
응, 노란색으로 칠해도 돼?

220
00:40:00,060 --> 00:40:03,542
노란색? 노란색은 왜?

221
00:40:04,557 --> 00:40:07,087
노란색으로 칠하고 싶어

222
00:40:07,287 --> 00:40:10,832
그런데 내 방 칠하는 건
엄마가 허락 안 해

223
00:40:12,708 --> 00:40:16,118
이거 난처한데!

224
00:40:16,992 --> 00:40:20,133
그래도 되지?

225
00:40:20,737 --> 00:40:24,083
그때 가서 보자

226
00:40:27,224 --> 00:40:29,839
저거나 보자

227
00:41:21,623 --> 00:41:24,031
몇 호에 계세요?

228
00:41:24,500 --> 00:41:27,179
소피, 지갑 가져왔어?

229
00:41:28,110 --> 00:41:30,519
아니?

230
00:41:32,465 --> 00:41:34,874
이거 쥐어
저 사람 보지 마

231
00:41:37,077 --> 00:41:40,757
셋 세고 무대에 던진 뒤
도망가자

232
00:41:46,982 --> 00:41:49,859
가자, 달려라!
달려라, 소피!

233
00:42:26,388 --> 00:42:28,797
<i>아팠어?</i>

234
00:42:32,683 --> 00:42:35,091
<i>떨어졌을 때</i>

235
00:42:38,033 --> 00:42:41,309
- 손목이 부러졌을 때?
- 응

236
00:42:44,990 --> 00:42:47,398
몰라

237
00:42:49,544 --> 00:42:51,952
잘 기억 안 나

238
00:42:55,697 --> 00:42:58,376
부러진 줄 몰랐어

239
00:42:59,179 --> 00:43:02,255
그전에 부러진 적이
한 번도 없었거든

240
00:43:05,261 --> 00:43:08,679
<i>나는 한 번도 없어</i>

241
00:43:19,515 --> 00:43:22,726
엄마랑 아빠는
왜 사랑한다고 말해?

242
00:43:22,996 --> 00:43:27,813
<i>- 뭐?</i>
- 전화할 때나, 그럴 때

243
00:43:28,616 --> 00:43:32,766
같이 살지도 않잖아
왜 사랑한다고 말하지?

244
00:43:34,705 --> 00:43:37,114
<i>음...</i>

245
00:43:38,315 --> 00:43:41,733
<i>사랑하는 사람들을
전부 생각해 봐, 예를 들면...</i>

246
00:43:41,996 --> 00:43:48,355
<i>나나, 할아버지, 삼촌
이모들, 알겠지?</i>

247
00:43:50,963 --> 00:43:53,371
응, 하지만 그 사람들은
가족이잖아

248
00:43:53,571 --> 00:43:56,448
<i>엄마는 가족이야</i>

249
00:44:19,469 --> 00:44:24,884
<i>한 번은, 아빠에게 전화했는지
엄마한테 물어봤는데</i>

250
00:44:25,089 --> 00:44:28,500
<i>아빠가 통화 중이라고 했어</i>
<font color=gray>역주: 'engaged'는 '통화 중'</font>

251
00:44:28,699 --> 00:44:31,712
<i>왜 그랬는지 모르겠지만</i>

252
00:44:31,911 --> 00:44:38,199
<i>엄마 아빠가 결혼하는 줄 알았어</i>
<font color=gray>역주: 'engaged'를 '약혼'으로 착각</font>

253
00:44:38,533 --> 00:44:45,830
<i>아빠만 결혼한다고 생각했는지
둘이 한다고 생각했는지는 모르겠어...</i>

254
00:44:53,724 --> 00:44:56,133
웃기지?

255
00:45:00,147 --> 00:45:02,286
음

256
00:45:02,620 --> 00:45:05,363
그때는 몰랐어

257
00:45:05,569 --> 00:45:10,983
아빠가 다른 사람한테
통화 중이라는 뜻인지

258
00:45:15,871 --> 00:45:18,479
나는 좀 흥분했어

259
00:45:20,284 --> 00:45:22,828
<i>우리가 결혼하는 줄 알고?</i>

260
00:45:26,039 --> 00:45:29,720
응, 내가 정말 어리기는 했지만

261
00:45:31,595 --> 00:45:34,338
일곱 살이었나?

262
00:45:39,490 --> 00:45:43,099
책은 어때?

263
00:45:44,172 --> 00:45:46,581
재미있어?

264
00:45:50,197 --> 00:45:55,683
응, 조금 어렵지만

265
00:45:59,292 --> 00:46:01,701
계속 읽어 봐

266
00:46:02,440 --> 00:46:05,112
정말 재미있을 거야

267
00:46:16,892 --> 00:46:24,317
"지방 자치제의"가 무슨 뜻이야?
<i><font color=gray>역주: 'municipal'</font></i>

268
00:47:24,201 --> 00:47:29,019
<i>- 잘했어, 소피</i>
<i>- 못 한다고 했잖아</i>

269
00:47:29,218 --> 00:47:32,898
<i>- 작년에 했잖아
- 안 했어</i>

270
00:47:33,097 --> 00:47:35,506
<i>여기</i>

271
00:47:44,274 --> 00:47:47,421
<i>- 물안경 줘
- 줬어</i>

272
00:47:48,352 --> 00:47:50,164
<i>뭐?</i>

273
00:47:50,427 --> 00:47:55,579
<i>- 어서, 장난 그만해
- 장난 아냐</i>

274
00:49:36,346 --> 00:49:39,423
아빠가 던진 거
나 못 봤어, 알지?

275
00:49:40,759 --> 00:49:44,574
- 뭘 던져?
- 물안경

276
00:49:44,774 --> 00:49:47,651
비싼 건데

277
00:50:22,247 --> 00:50:25,054
괜찮아

278
00:50:27,398 --> 00:50:31,881
괜찮아, 아빠가 오늘은
좀 피곤해서 그래

279
00:50:37,765 --> 00:50:40,643
카메라 네가 들래?

280
00:50:41,516 --> 00:50:43,925
가방 안에 있어

281
00:51:09,547 --> 00:51:14,101
이거 발 위에 올리고
다시 해보세요

282
00:51:14,365 --> 00:51:18,649
- 발 위에?
- 예, 훨씬 쉬울 거예요

283
00:51:26,479 --> 00:51:30,493
- 도와 드릴까요?
- 예, 고마워요

284
00:51:35,311 --> 00:51:39,191
- 고맙습니다
- 경험자만 아는 팁이죠

285
00:51:43,340 --> 00:51:46,083
괜찮네요

286
00:51:47,554 --> 00:51:49,962
그렇죠

287
00:51:53,707 --> 00:51:56,116
일 년 내내 이 일 하세요?

288
00:51:56,321 --> 00:52:00,130
우리 엄마의 엄마같이 말하시네

289
00:52:00,361 --> 00:52:02,770
- 할머니?
- 예

290
00:52:03,079 --> 00:52:06,219
제가 괜찮은 직업을
가지기 바라시죠

291
00:52:07,491 --> 00:52:09,630
신발 사이즈가 뭐죠?

292
00:52:10,035 --> 00:52:11,840
10

293
00:52:12,039 --> 00:52:15,456
- 10
- 44?

294
00:52:15,854 --> 00:52:18,263
- 44
- 예

295
00:52:20,139 --> 00:52:23,080
- 이게 맞을 겁니다
- 예

296
00:52:25,155 --> 00:52:28,971
제가 여행을 좀 다녔어요

297
00:52:29,240 --> 00:52:32,786
어디 가서 계절 하나 보내고
딴 데 가서 또 하나 보내고

298
00:52:33,049 --> 00:52:35,728
그런데 지금은
여기, 집으로 돌아왔죠

299
00:52:35,927 --> 00:52:39,273
- 그리워요?
- 여행?

300
00:52:40,879 --> 00:52:44,425
솔직히 집만큼 그립지는 않아요

301
00:52:44,695 --> 00:52:50,450
- 곧 아기가 태어나요
- 축하해요!

302
00:52:50,713 --> 00:52:56,802
몇 년 전에는, 마흔 살이 되면
생각하려 했는데...

303
00:53:02,693 --> 00:53:06,174
내가 마흔 먹은 건
진짜 상상이 안간다

304
00:53:10,587 --> 00:53:13,599
서른도 충격적인데

305
00:53:55,748 --> 00:53:59,166
<i>저는 소피 레슬리 패터슨입니다</i>

306
00:53:59,429 --> 00:54:02,107
<i>라이브로 말씀드리는 이곳은...</i>

307
00:54:05,454 --> 00:54:08,531
<i>보트 이름은 모르겠어요</i>

308
00:54:09,000 --> 00:54:13,078
<i>하여튼 방금 제가 가서 본 게</i>

309
00:54:13,080 --> 00:54:21,186
<i>태어나서 본 것 중에
최고였어요</i>

310
00:54:22,578 --> 00:54:24,319
<i>그래서</i>

311
00:54:24,653 --> 00:54:30,209
<i>스쿠버 다이빙
그런 거 하러 갔어요</i>

312
00:54:30,742 --> 00:54:33,954
<i>그런데 거기에 해마 같은 게
진짜로 있었어요</i>

313
00:54:34,224 --> 00:54:37,435
<i>제 손가락 주위를...</i>

314
00:54:38,167 --> 00:54:41,116
<i>둘러쌌어요</i>

315
00:54:41,379 --> 00:54:44,796
<i>그다음 이동해서 본 것이...</i>

316
00:54:46,402 --> 00:54:48,592
<i>문어!</i>

317
00:54:48,946 --> 00:54:53,358
<i>강사님이, 맞나?</i>

318
00:54:53,628 --> 00:55:00,250
<i>맞다, 강사님이 제 머리에
문어를 올려주셨어요</i>

319
00:55:00,520 --> 00:55:04,066
<i>제 머리 위에 진짜 문어를요</i>

320
00:55:06,674 --> 00:55:09,082
<i>예, 하지만 지금은...</i>

321
00:55:10,020 --> 00:55:16,508
<i>아빠... 아니
캘럼 에런 패터슨은</i>

322
00:55:17,715 --> 00:55:22,128
<i>이름은 모르겠지만
스쿠버 다이빙하고 관련된 뭔가를</i>

323
00:55:23,265 --> 00:55:28,082
<i>항상 하고 있어요</i>

324
00:55:28,416 --> 00:55:30,022
<i>하지만...</i>

325
00:55:30,093 --> 00:55:35,578
<i>사실 다이빙 자격증은 없어요</i>

326
00:55:35,976 --> 00:55:39,529
<i>아빠가 거짓말했대요!</i>

327
00:55:42,064 --> 00:55:44,473
<i>하지만</i>

328
00:55:44,877 --> 00:55:47,286
<i>아빠는 문제없을 거예요</i>

329
00:55:49,427 --> 00:55:52,574
<i>문제없을 거예요
확실해요</i>

330
00:55:52,972 --> 00:55:56,255
<i>하지만, 안녕!</i>

331
00:55:56,454 --> 00:55:58,329
안녕!

332
00:55:58,663 --> 00:56:01,072
안녕! 안녕!

333
00:56:01,271 --> 00:56:04,014
안녕! 안녕!

334
00:57:28,184 --> 00:57:30,593
저건 뭐야?

335
00:57:34,003 --> 00:57:36,412
뭐?

336
00:57:44,313 --> 00:57:48,860
저건 일종의 담배야...

337
00:57:49,059 --> 00:57:50,864
흡연은 암을 유발하고

338
00:57:51,070 --> 00:57:56,954
폐에 타르를 넣고
치아를 누렇게 만듭니다

339
00:57:57,159 --> 00:58:01,238
그리고 눈알을 빠지게 합니다

340
00:58:05,920 --> 00:58:09,068
다음에는 딴 데 가자

341
00:58:11,142 --> 00:58:16,557
여기도 좋아
나나는 마지막으로 언제 봤어?

342
00:58:34,896 --> 00:58:37,369
그래...

343
00:58:39,642 --> 00:58:42,051
도전

344
00:58:42,385 --> 00:58:45,462
다시 봐, 알았지?

345
00:58:45,667 --> 00:58:48,744
- 좋아
- 좋아?

346
00:58:51,956 --> 00:58:55,437
맞아, 시작이 안 좋았어

347
00:59:11,090 --> 00:59:15,240
- 언제 학교 가?
- 화요일

348
00:59:15,439 --> 00:59:18,516
- 다음 주?
- 진짜 금방이지

349
00:59:18,785 --> 00:59:21,329
더 늦게 가는 줄 알았는데

350
00:59:24,676 --> 00:59:29,557
- 새 선생님은 누구야?
- 맥켈 선생님

351
00:59:30,161 --> 00:59:32,769
글래스고 출신이지?

352
00:59:41,601 --> 00:59:44,144
어떻게 알았어?

353
00:59:49,026 --> 00:59:51,435
뭐?

354
00:59:56,458 --> 00:59:58,866
예쁘잖아

355
01:00:00,003 --> 01:00:04,018
글래스고 출신의 미녀잖아!
잊을 수가 없지

356
01:00:04,217 --> 01:00:06,825
세상에, 아빠 그만해!

357
01:00:07,628 --> 01:00:10,236
- 괜찮아
- 그만

358
01:00:12,516 --> 01:00:14,925
선생님 좋은 분이셔?

359
01:00:16,395 --> 01:00:20,474
지난 학기 말에
현장 학습을 했거든

360
01:00:20,673 --> 01:00:23,082
괜찮아 보였어

361
01:01:07,846 --> 01:01:10,787
<i>동전을 넣으세요</i>

362
01:01:23,974 --> 01:01:25,644
게임 중이야?

363
01:01:25,914 --> 01:01:31,200
- 아빠가 돈 가지러 갔어
- 자, 이것 봐

364
01:01:40,700 --> 01:01:43,109
10 펜스

365
01:01:46,655 --> 01:01:49,063
또 있어?

366
01:02:01,974 --> 01:02:04,582
근데, 난 마이클이야

367
01:02:06,528 --> 01:02:10,742
연습하는 게 좋을 거야, 마이클

368
01:02:11,346 --> 01:02:13,883
진짜 어렵네

369
01:02:17,364 --> 01:02:19,773
네 이름은 뭐야?

370
01:02:20,512 --> 01:02:22,920
소피

371
01:02:54,632 --> 01:02:57,040
장난해?

372
01:02:58,376 --> 01:03:00,785
일대일이다

373
01:03:01,126 --> 01:03:04,267
다 세기로 한 줄을 몰랐네

374
01:03:04,536 --> 01:03:06,945
알고 있었잖아

375
01:05:01,972 --> 01:05:04,381
거기 좋았어?

376
01:05:06,790 --> 01:05:10,066
잘 모르겠어

377
01:05:10,933 --> 01:05:15,217
기분이 좀 그래

378
01:05:17,960 --> 01:05:20,368
무슨 뜻이야?

379
01:05:21,640 --> 01:05:23,715
글쎄

380
01:05:24,049 --> 01:05:26,927
아빠는 그런 적 없어?

381
01:05:28,134 --> 01:05:33,954
정말 재미있게
하루를 보냈는데

382
01:05:34,686 --> 01:05:41,713
집에 오니
피곤하고 우울하고...

383
01:05:42,317 --> 01:05:46,800
뼈가 안 움직이는 것 같고

384
01:05:47,063 --> 01:05:52,555
뼈도 피곤하고
전부 귀찮아

385
01:05:53,153 --> 01:05:56,101
아래로 가라앉는 것 같고

386
01:05:56,634 --> 01:05:59,576
몰라, 이상해

387
01:06:06,603 --> 01:06:09,416
재미있게 놀러 왔잖아

388
01:06:14,433 --> 01:06:16,951
준비됐지?

389
01:06:20,252 --> 01:06:22,661
응!

390
01:06:23,534 --> 01:06:27,883
저녁 맛있는 거 먹고
일찍 돌아오자, 좋지?

391
01:06:28,082 --> 01:06:30,086
응

392
01:06:30,292 --> 01:06:32,700
가자

393
01:06:33,767 --> 01:06:36,175
어서

394
01:09:12,144 --> 01:09:14,951
이거 좋아?

395
01:09:17,296 --> 01:09:19,704
좋아, 진짜로

396
01:09:20,103 --> 01:09:22,511
그 아저씨가 말했는데

397
01:09:23,648 --> 01:09:27,528
카펫 하나하나 전부
다른 이야기가 있대

398
01:09:29,737 --> 01:09:37,099
상징주의, 모티브
하나하나 다른 것을 표현한대

399
01:09:39,038 --> 01:09:45,397
티...쉬...큐레찌룸
<i><font color=gray>역주: '고맙습니다'</font></i>

400
01:09:45,995 --> 01:09:49,746
- <i>테쉐큐르 에데림
- 흐흐</i>

401
01:09:49,945 --> 01:09:53,825
<i>- 테쉐큐르 에데림
- 테쉐큐르 에데림</i>

402
01:09:54,563 --> 01:09:56,901
<i>테쉐큐르 에데림</i>

403
01:09:57,235 --> 01:09:59,850
<i>테쉐큐르 에데림</i>

404
01:10:00,049 --> 01:10:03,260
- <i>테쉐큐르 에데림</i>
- 오!

405
01:10:03,459 --> 01:10:05,868
알겠지?

406
01:10:12,895 --> 01:10:15,503
이거 얼마예요?

407
01:10:17,109 --> 01:10:20,854
4500만 터키 리라입니다

408
01:10:21,059 --> 01:10:24,804
- 파운드로는 얼마죠?
- 850파운드입니다

409
01:10:25,138 --> 01:10:28,215
예, 고맙습니다

410
01:10:28,484 --> 01:10:30,893
천만에요

411
01:11:15,323 --> 01:11:18,464
당구 칠래?

412
01:11:18,733 --> 01:11:22,549
저기 있는 여자애들한테
가서 인사할래?

413
01:11:24,020 --> 01:11:29,974
얘 우리하고 당구 쳐도 돼요?
우리는 세명이에요

414
01:11:30,976 --> 01:11:35,658
- 복식 칠 거예요
- 쟤 어리다, 그지?

415
01:11:35,928 --> 01:11:39,275
응, 근데 얘보다 잘 쳐

416
01:11:40,341 --> 01:11:44,625
- 가도 돼?
- 그럼 가 봐

417
01:11:44,895 --> 01:11:47,837
1시간 뒤에 돌아오기다
알겠지?

418
01:11:48,036 --> 01:11:50,445
알았어

419
01:12:07,376 --> 01:12:10,183
쉬엄쉬엄해야지
아가씨들

420
01:12:20,024 --> 01:12:24,038
- 그게 뭐야?
- 이거 있으면 다 돼

421
01:12:24,237 --> 01:12:28,252
아무거나 마음대로
주문할 수 있어

422
01:13:14,820 --> 01:13:18,231
- 그게 다야?
- 똑같아

423
01:13:19,439 --> 01:13:21,443
이런, 이런, 이런

424
01:13:21,777 --> 01:13:26,196
- 누가 납시었나
- 너 이러기야?

425
01:13:32,882 --> 01:13:35,291
보면 안 돼

426
01:13:36,428 --> 01:13:38,837
어린이를 타락시키다니!

427
01:13:40,243 --> 01:13:42,652
보면 안 돼

428
01:14:27,814 --> 01:14:29,420
여기요

429
01:14:29,625 --> 01:14:32,631
- 고맙습니다
- 천만에요

430
01:15:07,696 --> 01:15:12,179
징그러워, 존나 어린것들이
계속 뱀짓이네

431
01:15:12,443 --> 01:15:17,061
뭐?
뱀짓은 씨발 뭔 말이야?

432
01:15:18,063 --> 01:15:21,075
왜, 그럼 넌 뭐라고 불러?

433
01:15:21,409 --> 01:15:24,820
저거? 혀놀리기

434
01:15:25,957 --> 01:15:29,438
아니, 물기

435
01:15:30,106 --> 01:15:33,723
물기! 좋다

436
01:15:50,449 --> 01:15:53,127
풀에 밀어버릴까?

437
01:15:53,994 --> 01:15:56,403
좋아

438
01:16:01,959 --> 01:16:04,567
네가 남자애 맡아
내가 여자애 맡을게

439
01:16:07,111 --> 01:16:09,519
밀면 되지?

440
01:16:18,685 --> 01:16:21,094
나도 간다!

441
01:20:18,150 --> 01:20:20,558
오케이

442
01:20:20,892 --> 01:20:25,710
여기는 우리 방입니다

443
01:20:28,992 --> 01:20:37,150
그리고 이것은
아빠의 조그마한 침대입니다

444
01:20:37,419 --> 01:20:42,436
이것은 저의
거대한 침대입니다

445
01:20:44,042 --> 01:20:46,785
음...

446
01:20:48,994 --> 01:20:51,936
잠깐, 확대는 어떻게 해?

447
01:20:53,478 --> 01:20:56,021
보자, 이리 줘 봐

448
01:21:04,519 --> 01:21:06,928
이 버튼이야, 보이지?

449
01:21:07,532 --> 01:21:12,278
세상에, 나 TV에 나왔어!
나 어때?

450
01:21:13,351 --> 01:21:17,096
좋아, 돌려줘

451
01:21:20,378 --> 01:21:23,050
오, 오, 오

452
01:21:30,411 --> 01:21:32,820
뭐야?

453
01:21:33,154 --> 01:21:35,633
세상에! 그건 또 뭐야?

454
01:21:35,832 --> 01:21:39,044
춤이지

455
01:21:40,984 --> 01:21:45,731
- 그만해, 창피해
- 창피하지 않거든

456
01:21:47,940 --> 01:21:51,955
그만하고 인터뷰하자

457
01:21:52,224 --> 01:21:55,969
그래? 무슨 인터뷰?

458
01:21:57,440 --> 01:21:59,849
글쎄

459
01:22:02,257 --> 01:22:04,197
음

460
01:22:04,538 --> 01:22:07,948
저는 이제 막
열한 살이 되었어요

461
01:22:09,554 --> 01:22:16,241
아빠는 130살입니다

462
01:22:17,044 --> 01:22:20,596
이틀 뒤에

463
01:22:20,795 --> 01:22:23,807
131살이 됩니다

464
01:22:27,417 --> 01:22:29,826
그래서...

465
01:22:32,768 --> 01:22:35,780
아빠는 열한 살 때

466
01:22:36,050 --> 01:22:40,264
지금 뭐 하고 있을 거라고
생각했나요?

467
01:22:50,701 --> 01:22:55,583
저기요, 지금 뭐 하고 있을 거라고
생각했나요?

468
01:22:55,853 --> 01:22:59,065
어서, 소피
당장 꺼, 알았지?

469
01:23:05,822 --> 01:23:08,230
알았어, 껐어

470
01:23:08,430 --> 01:23:11,179
빨간불이 켜져 있잖아

471
01:23:14,121 --> 01:23:17,602
아직 켜져 있어

472
01:23:19,471 --> 01:23:23,955
아빠 찍는 거 아냐
나 찍고 있어

473
01:23:30,577 --> 01:23:32,986
아빠...

474
01:23:40,282 --> 01:23:43,025
알았어, 녹화 안 해

475
01:23:43,295 --> 01:23:47,643
그냥 내 작은방에
녹화할게...

476
01:23:48,845 --> 01:23:51,253
내 마음의 카메라야

477
01:24:02,899 --> 01:24:04,569
좋아

478
01:24:04,768 --> 01:24:07,176
준비됐어?

479
01:24:10,324 --> 01:24:16,278
열한 번째 생일에 뭐 했어?

480
01:24:26,311 --> 01:24:28,720
내가 열한 살이었을 때

481
01:24:29,260 --> 01:24:33,075
아무도 내 생일을
기억 못 했어

482
01:24:34,880 --> 01:24:38,425
내가 엄마한테 말했을 때

483
01:24:40,301 --> 01:24:44,714
엄마는 막 화를 내면서
내 귀를 잡았지

484
01:24:45,581 --> 01:24:51,471
아빠는 장난감 가게까지 나를
태워다 주고 사고 싶은 걸 고르게 했어

485
01:24:53,546 --> 01:24:56,892
그건 좀... 깊은 이야기네

486
01:25:01,106 --> 01:25:03,515
괜찮아

487
01:25:06,925 --> 01:25:09,334
뭘 골랐어?

488
01:25:12,546 --> 01:25:16,830
장난감 전화

489
01:25:18,301 --> 01:25:20,710
빨간색이었지

490
01:25:25,392 --> 01:25:28,739
- 잘 골랐네
- 고마워

491
01:26:09,623 --> 01:26:12,031
한 모금 마실래?

492
01:26:24,679 --> 01:26:30,228
- 좋아?
- 응, 정말 맛있어!

493
01:27:04,753 --> 01:27:08,633
<i>스코틀랜드로
돌아갈 생각 없어?</i>

494
01:27:10,842 --> 01:27:13,251
<i>응</i>

495
01:27:13,656 --> 01:27:16,064
<i>왜?</i>

496
01:27:17,600 --> 01:27:20,008
<i>햇빛이 부족해</i>

497
01:27:21,145 --> 01:27:23,554
<i>웃겨</i>

498
01:27:28,371 --> 01:27:32,122
<i>그냥 지나간 일이야</i>

499
01:27:35,931 --> 01:27:38,475
<i>그런 느낌이 있어</i>

500
01:27:39,882 --> 01:27:44,699
<i>자란 곳을 한번 떠나면...</i>

501
01:27:49,317 --> 01:27:51,726
결코 다시 그곳에

502
01:27:52,324 --> 01:27:55,336
완전히 속할 수는 없다는 느낌

503
01:27:57,745 --> 01:28:00,153
절대 없어

504
01:28:03,500 --> 01:28:06,378
에든버러는 진짜...

505
01:28:12,332 --> 01:28:16,411
내가 속해 있다는
느낌을 받은 적이 없어

506
01:28:21,434 --> 01:28:24,241
나는 있는데, 그게 집이잖아

507
01:28:28,589 --> 01:28:30,998
좋아

508
01:28:32,938 --> 01:28:36,149
그렇게 느꼈다니 다행이네

509
01:28:41,172 --> 01:28:47,859
하지만 네가 어디에서 끝을 맺을지는
너도 절대 알 수 없어

510
01:28:51,205 --> 01:28:54,886
어디든지 원하는 곳에 살 수 있어

511
01:29:02,446 --> 01:29:05,189
어떤 사람이라도 될 수 있고

512
01:29:17,431 --> 01:29:19,840
넌 시간이 많아

513
01:29:52,830 --> 01:29:55,238
괜찮아

514
01:33:21,180 --> 01:33:23,659
선크림 바를 시간

515
01:33:29,010 --> 01:33:31,419
아니, 내가 할 거야

516
01:33:46,404 --> 01:33:48,813
잘 안 될걸

517
01:33:50,688 --> 01:33:53,232
도와줄게

518
01:33:55,705 --> 01:34:00,387
아니, 소피
뒤로 돌아야지

519
01:34:05,141 --> 01:34:07,549
머리카락 올리고

520
01:34:08,018 --> 01:34:10,427
좋아

521
01:34:18,051 --> 01:34:22,406
오늘 뭐라도 해야지?
하루 잘 보내야지

522
01:34:22,670 --> 01:34:25,078
뭐 할까?

523
01:34:25,746 --> 01:34:28,155
수구?

524
01:34:29,632 --> 01:34:32,170
수영 잘 못해

525
01:34:33,107 --> 01:34:36,653
넌 선수야, 소피, 맞잖아

526
01:34:37,591 --> 01:34:40,000
하자

527
01:34:40,603 --> 01:34:44,817
이제 며칠밖에 안 남았어
재미있을 거야

528
01:34:48,298 --> 01:34:50,707
일어나

529
01:34:53,848 --> 01:34:56,257
일어나! 일어나! 일어나!

530
01:34:58,601 --> 01:35:01,010
수영하러 가자

531
01:35:24,352 --> 01:35:27,095
손 올려, 손 올려!

532
01:35:27,364 --> 01:35:30,576
소피! 소피!

533
01:36:23,632 --> 01:36:26,310
한 잔 더 주세요

534
01:36:26,908 --> 01:36:29,317
고맙습니다

535
01:36:39,754 --> 01:36:43,505
비키니는 왜 입었어?

536
01:36:45,111 --> 01:36:47,520
몰라

537
01:37:17,960 --> 01:37:20,638
내일 기대되지?

538
01:37:29,136 --> 01:37:31,545
응

539
01:37:57,238 --> 01:38:00,115
다들 재미있었나요, 여러분?

540
01:38:00,314 --> 01:38:03,057
- 예!
- 소피는 재미있었대요

541
01:38:03,256 --> 01:38:07,605
캘럼과 소피에게 박수!

542
01:38:10,482 --> 01:38:12,923
신청한 건 아니지?

543
01:38:13,026 --> 01:38:17,779
했어! 다섯 살 때부터
휴가 때마다 했잖아

544
01:38:18,113 --> 01:38:20,792
이제 나이도 좀 먹었잖아

545
01:38:21,055 --> 01:38:24,337
뭐? 저 여자분들은
50살은 먹었겠다

546
01:38:24,601 --> 01:38:29,084
그냥 있자, 금방 넘어갈 거야
아빠는 노래할 기분 아냐

547
01:38:29,418 --> 01:38:32,700
우리 노래 들으려고 기다리잖아

548
01:38:34,839 --> 01:38:37,383
재미있게 놀기로 했잖아

549
01:38:37,582 --> 01:38:40,460
소피, 나 안 해, 알았지?

550
01:38:53,036 --> 01:38:55,445
어서 오세요

551
01:42:04,397 --> 01:42:07,808
소피에게 큰 박수!

552
01:42:12,028 --> 01:42:17,513
어서 오세요, 여기 있어요

553
01:42:26,814 --> 01:42:32,101
원하면 노래 레슨을 받게 해 줄게

554
01:42:34,040 --> 01:42:36,847
왜, 내가 노래 못해서?

555
01:42:37,046 --> 01:42:41,061
그냥 누구든 뭔가를
배울 수 있다는 뜻이었어

556
01:42:42,872 --> 01:42:47,484
- 그거 좀 그만해
- 뭘 그만해?

557
01:42:47,619 --> 01:42:53,644
돈도 없으면서
뭐 해주겠다고 하는 거

558
01:43:18,200 --> 01:43:20,609
자, 가자

559
01:43:21,206 --> 01:43:24,084
빨리 끝내고 가자

560
01:43:24,289 --> 01:43:27,161
싫어, 더 있다가

561
01:43:34,053 --> 01:43:36,461
그럼 위층에서 보자

562
01:43:38,607 --> 01:43:41,015
소피?

563
01:43:44,156 --> 01:43:46,565
너무 늦으면 안 돼

564
01:43:54,999 --> 01:43:56,669
받아

565
01:43:56,868 --> 01:43:59,746
알았어, 토비, 진정해

566
01:44:05,905 --> 01:44:10,652
진짜야, 너무 많이 마셨어

567
01:44:10,858 --> 01:44:13,864
- 많이 안 마셨어...
- 마셨어!

568
01:44:15,540 --> 01:44:18,347
딱 몇 잔만

569
01:44:18,617 --> 01:44:21,694
아니, 진심이야

570
01:44:40,161 --> 01:44:43,571
아빠 찾는 거 도와줄까?

571
01:44:45,383 --> 01:44:48,524
- 아니
- 알았어

572
01:46:07,613 --> 01:46:10,221
물 좀 주세요?

573
01:46:24,140 --> 01:46:26,613
괜찮아?

574
01:46:27,949 --> 01:46:30,357
빈둥대고 있어요

575
01:46:34,642 --> 01:46:37,050
여기

576
01:46:49,961 --> 01:46:52,909
남자애들 바보 같지

577
01:46:57,521 --> 01:46:59,930
됐다!

578
01:47:01,806 --> 01:47:04,818
어차피 내일 갈 거니까...

579
01:47:05,685 --> 01:47:08,897
넌 며칠 더 있을 거지, 그지?

580
01:47:09,102 --> 01:47:11,511
예

581
01:47:12,179 --> 01:47:15,924
이제 전부 사용할 수 있어

582
01:47:19,270 --> 01:47:22,077
- 고마워요
- 뭘, 괜찮아

583
01:47:24,152 --> 01:47:26,561
또 봐

584
01:47:28,706 --> 01:47:31,179
뭐 좀 드릴까요?

585
01:47:31,378 --> 01:47:36,530
환타 레몬 주세요
저 이거 있어요

586
01:47:51,920 --> 01:47:54,527
<i>신사 숙녀 여러분</i>

587
01:47:54,733 --> 01:47:58,882
<i>환상적이고 멋지고 놀라운 외팔이</i>

588
01:47:59,216 --> 01:48:03,231
<i>캘럼 에런 패터슨</i>

589
01:48:04,432 --> 01:48:07,579
<i>기대하세요</i>

590
01:48:08,382 --> 01:48:12,660
<i>이브닝 엔터테인먼트</i>

591
01:48:14,202 --> 01:48:16,611
<i>그리고...</i>

592
01:48:18,152 --> 01:48:20,561
<i>보자</i>

593
01:48:21,492 --> 01:48:23,901
<i>토레몰리노!</i>

594
01:48:25,243 --> 01:48:27,652
<i>괜찮아, 소피?</i>

595
01:49:40,581 --> 01:49:44,795
- 아이 씨, 왜 그랬어?
- 미안

596
01:49:50,550 --> 01:49:55,098
- 미안, 장난으로 그랬어
- 바보!

597
01:49:55,637 --> 01:49:57,507
어디 가?

598
01:49:57,712 --> 01:50:04,399
집에 가야 하는데 길을 잃었어
밤에는 다 똑같아 보여

599
01:50:04,669 --> 01:50:07,681
우리랑 같이 놀래?

600
01:50:07,880 --> 01:50:10,822
- 뭐하는데?
- 마이클!

601
01:50:11,021 --> 01:50:13,430
빨리 와!

602
01:51:05,355 --> 01:51:09,370
여기 또 수영장이 있는지 몰랐어

603
01:51:10,507 --> 01:51:12,915
응, 낮에는 조용해

604
01:51:13,384 --> 01:51:17,662
수영을 잘 못해서
나는 여기가 좋아

605
01:51:18,870 --> 01:51:23,282
나도 잘 못해
아직 잠수도 못 해

606
01:51:28,235 --> 01:51:30,245
근데

607
01:51:30,643 --> 01:51:34,658
난 네가 꽤 좋아

608
01:51:37,136 --> 01:51:39,544
너 나 좋아하니?

609
01:51:43,021 --> 01:51:45,430
응

610
01:57:06,193 --> 01:57:08,602
여자분!

611
01:58:06,141 --> 01:58:10,021
- 잘 자요
- 잘 자요

612
02:00:47,126 --> 02:00:49,599
헤이

613
02:00:49,933 --> 02:00:52,342
괜찮아?

614
02:00:53,614 --> 02:00:56,093
응

615
02:01:22,788 --> 02:01:25,865
생일 축하해, 소피

616
02:01:34,427 --> 02:01:36,971
내가 재울게

617
02:02:21,664 --> 02:02:25,614
- 안녕하세요?
- <i>모닝콜입니다</i>

618
02:02:25,813 --> 02:02:30,701
- 예, 고맙습니다
- <i>20분 뒤에 오늘 여행 출발합니다</i>

619
02:02:31,838 --> 02:02:34,247
고맙습니다

620
02:02:52,514 --> 02:02:54,454
소피!

621
02:02:54,923 --> 02:02:58,668
소피, 일어나자

622
02:04:18,085 --> 02:04:20,493
조심해 그거

623
02:04:22,099 --> 02:04:26,987
안경다리 제대로 안 껴서
죽은 사람도 있어

624
02:04:27,257 --> 02:04:32,274
코 통과해서 뇌를 뚫었어

625
02:04:33,211 --> 02:04:36,089
- 거짓말이야
- 진짜야

626
02:05:12,682 --> 02:05:15,091
생일 축하해, 아빠

627
02:05:29,280 --> 02:05:31,688
고마워, 우리 딸

628
02:06:08,821 --> 02:06:11,365
좋아

629
02:06:30,300 --> 02:06:32,709
아빠 따라 하는 거야?

630
02:06:39,062 --> 02:06:41,676
잘났어 정말

631
02:06:46,622 --> 02:06:49,031
주목!

632
02:07:07,966 --> 02:07:13,118
- 오, 이거 할 거야?
- 그래, 속았지!

633
02:07:30,184 --> 02:07:33,865
- 그래도 따라 할 거야
- 알아

634
02:07:34,931 --> 02:07:39,414
- 정확히
- 이제 이거 따라 해 봐

635
02:07:55,806 --> 02:07:58,215
숨 쉬고

636
02:08:09,392 --> 02:08:12,199
- 보고 있니?
- 응

637
02:08:12,468 --> 02:08:15,211
발 붙이고, 위로

638
02:08:27,858 --> 02:08:30,267
위로...

639
02:08:32,143 --> 02:08:34,551
그리고 아래로

640
02:08:35,688 --> 02:08:38,097
위로

641
02:08:38,829 --> 02:08:41,174
그리고...

642
02:08:41,373 --> 02:08:44,918
아래로
이제 눈 감고 해 봐

643
02:08:45,721 --> 02:08:48,599
그리고 호흡에 집중해

644
02:09:12,622 --> 02:09:16,033
유황 냄새 정말 심해!

645
02:09:23,458 --> 02:09:27,877
- 무슨 냄새야?
- 이거 하러 왔잖아

646
02:09:32,624 --> 02:09:36,035
클레오파트라도 했대...

647
02:09:38,983 --> 02:09:46,209
대단해, 클레오파트라가
바로 여기 왔다니

648
02:09:52,562 --> 02:09:54,970
그래

649
02:09:55,304 --> 02:10:00,391
클레오파트라가
뱀에 물려 죽기 전에

650
02:10:01,933 --> 02:10:05,742
근데 그거 자살한 거래

651
02:10:06,545 --> 02:10:11,234
진짜 뱀 때문인 지는 몰라
아무도 뱀은 찾지 못했대

652
02:10:11,497 --> 02:10:16,250
- 바늘 때문 일거야
- 어떻게 알았어?

653
02:10:16,520 --> 02:10:20,265
지난 학기에 이집트 좀 배웠어

654
02:10:50,505 --> 02:10:53,248
어깨에 그거 뭐야?

655
02:10:57,533 --> 02:10:59,941
잘 모르겠어

656
02:11:07,835 --> 02:11:11,047
소피 침대에서
맛이 간 거 미안해

657
02:11:12,589 --> 02:11:14,779
괜찮아

658
02:11:14,997 --> 02:11:17,541
그런데 열쇠가 없었어

659
02:11:18,273 --> 02:11:22,487
- 어떻게 들어왔어?
- 리셉션

660
02:11:35,070 --> 02:11:38,545
정말 미안해, 소피
어제는...

661
02:11:40,754 --> 02:11:43,568
괜찮아, 별거 아니야

662
02:11:44,037 --> 02:11:46,445
그렇지 않아
작은 일이 아냐

663
02:11:51,263 --> 02:11:53,736
미안해, 알았지?

664
02:12:16,416 --> 02:12:18,825
미안해, 알았지?

665
02:12:23,912 --> 02:12:26,989
고마워

666
02:12:31,003 --> 02:12:33,881
소피 팔에는 아무것도 없네

667
02:12:34,279 --> 02:12:37,292
- 아까 했어
- 아니, 안 했어

668
02:12:38,564 --> 02:12:40,972
이제 한다

669
02:12:41,377 --> 02:12:44,588
- 등 좀 봐
- 내 등?

670
02:12:44,788 --> 02:12:47,196
응

671
02:12:47,929 --> 02:12:53,086
좋아, 등이 커서
큰 덩어리로 해야지

672
02:13:04,790 --> 02:13:07,738
어깨 조심

673
02:13:08,001 --> 02:13:09,742
괜찮아

674
02:13:09,947 --> 02:13:12,356
미안!

675
02:13:32,159 --> 02:13:34,837
<i>어젯밤 좋았어?</i>

676
02:13:40,188 --> 02:13:42,597
<i>응</i>

677
02:13:45,609 --> 02:13:48,018
<i>남자 애가...</i>

678
02:13:48,416 --> 02:13:50,825
<i>마이클...</i>

679
02:13:51,698 --> 02:13:55,443
<i>오토바이 게임에서 만났는데</i>

680
02:13:57,113 --> 02:13:58,719
<i>응</i>

681
02:13:58,790 --> 02:14:03,742
<i>어젯밤에 같이 키스했어
마이클이 나한테 키스하고</i>

682
02:14:04,410 --> 02:14:07,153
<i>그다음 같이 키스했어</i>

683
02:14:12,773 --> 02:14:15,182
<i>같은 또래지?</i>

684
02:14:16,049 --> 02:14:18,458
<i>응</i>

685
02:14:22,209 --> 02:14:25,350
<i>좋아, 문제없어
그지?</i>

686
02:14:27,026 --> 02:14:29,435
<i>걔 뺨에 뾰루지 있지?</i>

687
02:14:30,167 --> 02:14:31,844
<i>음...</i>

688
02:14:32,178 --> 02:14:35,055
<i>응, 근데 사실은 없어</i>

689
02:14:35,254 --> 02:14:37,663
<i>알았어</i>

690
02:14:46,296 --> 02:14:50,599
<i>아빠한테는 뭐든
이야기해도 돼</i>

691
02:14:52,045 --> 02:14:54,787
소피도 나이 먹으면

692
02:14:58,738 --> 02:15:01,814
파티에 가고

693
02:15:06,368 --> 02:15:11,051
남자애들 만나고
마약도 하고

694
02:15:11,250 --> 02:15:14,860
- 아빠!
- 아니, 진심이야, 소피

695
02:15:15,663 --> 02:15:21,553
아빠도 다 했는데 소피도 할 수 있어
아빠한테 전부다 이야기하겠다고 약속해

696
02:15:21,752 --> 02:15:25,638
좋아, 하지만 난 절대
그런 짓은 하지 않을 거야

697
02:15:25,902 --> 02:15:28,310
그것도 좋아

698
02:15:30,385 --> 02:15:33,532
그래도 하게 되면
기억해, 알겠지?

699
02:16:14,943 --> 02:16:19,022
우리 아빠 생일 축하노래
셋을 세고 같이 해요

700
02:16:50,540 --> 02:16:53,681
3, 2, 1!

701
02:18:53,134 --> 02:19:01,414
<i>소피,
정말 사랑해
절대 잊지마
아빠가<i>

702
02:20:26,990 --> 02:20:31,538
- 아빠 것도 살 걸
- 맛만 볼 거야

703
02:20:31,808 --> 02:20:36,021
절반이나 퍼갔으면서

704
02:20:38,026 --> 02:20:40,518
사진 찍을래요?

705
02:20:40,569 --> 02:20:44,185
- 얼마죠?
- 50,000리라

706
02:20:44,853 --> 02:20:47,262
좋아요

707
02:20:57,629 --> 02:21:00,038
준비됐지?

708
02:21:09,005 --> 02:21:12,756
<i>- 고맙습니다
- 천만에요</i>

709
02:21:40,183 --> 02:21:43,061
휴가 좋았어?

710
02:21:43,665 --> 02:21:46,073
최고야

711
02:21:47,750 --> 02:21:51,160
더 머물렀으면 좋겠는데

712
02:21:55,779 --> 02:21:58,187
나도

713
02:22:02,202 --> 02:22:04,611
뭐?

714
02:22:05,343 --> 02:22:07,951
내 말은, 왜 안 되냐고

715
02:22:08,625 --> 02:22:11,034
무슨 뜻이야?

716
02:22:11,496 --> 02:22:17,117
그냥 여기서 지내면
안 되냐고

717
02:22:27,021 --> 02:22:30,837
평생을 호텔에서
살 수는 없다, 이거지!

718
02:22:31,036 --> 02:22:34,247
그래

719
02:22:40,671 --> 02:22:45,154
- 과자 먹어
- 아, 고마워!

720
02:22:50,710 --> 02:22:53,517
한 입에 먹어야지

721
02:23:00,743 --> 02:23:03,152
더 빨리!

722
02:23:13,057 --> 02:23:15,799
마지막 밤, 댄스 타임

723
02:23:16,737 --> 02:23:19,615
- 난 춤 안 춰
- 소피!

724
02:23:19,878 --> 02:23:22,891
절대 절대 안 출거야

725
02:23:25,030 --> 02:23:30,451
소피가 있건 없건 아빠는 춤을 추지
아빠는 춤을 사랑해

726
02:23:31,787 --> 02:23:37,613
- 아빠 그만해, 정말 창피해
- 이게 창피해?

727
02:24:13,140 --> 02:24:15,548
어서!

728
02:24:16,300 --> 02:24:19,511
- 준비가 됐어?
- 그만...

729
02:24:21,637 --> 02:24:24,046
그만!

730
02:27:49,789 --> 02:27:52,397
<i>- 안녕
- 사랑해</i>

731
02:27:52,602 --> 02:27:55,942
<i>- 조심하고
- 바이 바이</i>

732
02:27:59,424 --> 02:28:02,166
<i>엄마한테 안부 전해</i>

733
02:28:04,440 --> 02:28:06,849
<i>베이비시터
나 이제 필요 없어</i>

734
02:29:05,596 --> 02:29:07,336
<i>사랑해</i>

735
02:29:07,535 --> 02:29:09,944
<i>사랑해</i>

736
02:29:12,289 --> 02:29:14,697
<i>안녕</i>

737
02:32:08,767 --> 02:32:16,796
자막 번역: 9beach@gmail.com
