60
00:05:19,517 --> 00:05:22,204
오지 못한 모든 사랑하는
친구와 친척들을 대신해서

188
00:18:05,073 --> 00:18:10,078
♪ 사랑하는 제시의 ♪

363
00:37:02,001 --> 00:37:05,670
할머니가 널 얼마나 사랑했는지
네가 할머니한테 어떤 의미인지

467
00:50:04,824 --> 00:50:06,334
모두 널 사랑해

723
01:11:10,062 --> 01:11:14,691
우리 엄마는 정말 멋진 사람이었어
널 정말 사랑했단다

726
01:11:25,077 --> 01:11:26,638
제시, 사랑해
