1
00:00:30,000 --> 00:00:30,799

2
00:00:30,900 --> 00:00:32,900
Lolita, light of my life,

3
00:00:35,000 --> 00:00:37,000
fire of my loins. My sin, my soul.

4
00:00:40,000 --> 00:00:42,000
<font color=red><i>Lo-lee-ta:</i></font>

5
00:00:43,000 --> 00:00:44,900

6
00:00:45,000 --> 00:00:49,900
the tip of the tongue taking a trip of
three steps down the palate to tap,

7
00:00:50,000 --> 00:00:52,000
at three, on the teeth. Lo. Lee. Ta.

8
00:00:63,000 --> 00:01:05,000
